#-----------------------------------------------------------
# xsim v2024.2 (64-bit)
# SW Build 5239630 on Fri Nov 08 22:34:34 MST 2024
# IP Build 5239520 on Sun Nov 10 16:12:51 MST 2024
# SharedData Build 5239561 on Fri Nov 08 14:39:27 MST 2024
# Start of session at: Tue Jul 28 00:12:17 2026
# Process ID         : 27110
# Current directory  : /home/aukhalid/workspace/rtl-dv-projects/sv-common-ip-library/memory/dual_port_ram/build
# Command line       : xsim -mode tcl -source {xsim.dir/tb_top_snapshot/xsim_script.tcl}
# Log file           : /home/aukhalid/workspace/rtl-dv-projects/sv-common-ip-library/memory/dual_port_ram/build/xsim.log
# Journal file       : /home/aukhalid/workspace/rtl-dv-projects/sv-common-ip-library/memory/dual_port_ram/build/xsim.jou
# Running On         : khalid
# Platform           : Ubuntu
# Operating System   : Ubuntu 22.04.5 LTS
# Processor Detail   : AMD Ryzen 5 5500U with Radeon Graphics
# CPU Frequency      : 2095.990 MHz
# CPU Physical cores : 6
# CPU Logical cores  : 12
# Host memory        : 7986 MB
# Swap memory        : 2147 MB
# Total Virtual      : 10134 MB
# Available Virtual  : 8654 MB
#-----------------------------------------------------------
source xsim.dir/tb_top_snapshot/xsim_script.tcl
# xsim {tb_top_snapshot} -autoloadwcfg -runall
Time resolution is 1 ps
run -all
[ENVIRONMENT] Clearing mailbox buffers and initializing test sequence...
[GENERATOR] Starting transaction generation stream (1000 items)...
[GENERATOR] All transactions successfully dispatched.
[SCOREBOARD PASS] Addr: 0x0 | Expected: 0x0 | Actual: 0x0
[SCOREBOARD WRITE] RefMem[0x6f] <= 0x2a8b4d1
[SCOREBOARD PASS] Addr: 0x6f | Expected: 0x2a8b4d1 | Actual: 0x2a8b4d1
[SCOREBOARD WRITE] RefMem[0xd5] <= 0xa69e4f69
[SCOREBOARD PASS] Addr: 0xd5 | Expected: 0xa69e4f69 | Actual: 0xa69e4f69
[SCOREBOARD WRITE] RefMem[0x9] <= 0xaf209f2d
[SCOREBOARD PASS] Addr: 0x9 | Expected: 0xaf209f2d | Actual: 0xaf209f2d
[SCOREBOARD WRITE] RefMem[0x2a] <= 0xf70a0cf5
[SCOREBOARD PASS] Addr: 0x2a | Expected: 0xf70a0cf5 | Actual: 0xf70a0cf5
[SCOREBOARD PASS] Addr: 0xa2 | Expected: 0x0 | Actual: 0x0
[SCOREBOARD WRITE] RefMem[0x4] <= 0xd1dfccfb
[SCOREBOARD PASS] Addr: 0x4 | Expected: 0xd1dfccfb | Actual: 0xd1dfccfb
[SCOREBOARD WRITE] RefMem[0x2a] <= 0xdb240968
[SCOREBOARD PASS] Addr: 0x2a | Expected: 0xdb240968 | Actual: 0xdb240968
[SCOREBOARD WRITE] RefMem[0x2b] <= 0x94d04211
[SCOREBOARD PASS] Addr: 0x2b | Expected: 0x94d04211 | Actual: 0x94d04211
[SCOREBOARD WRITE] RefMem[0xf3] <= 0xf6309ec6
[SCOREBOARD PASS] Addr: 0xf3 | Expected: 0xf6309ec6 | Actual: 0xf6309ec6
[SCOREBOARD WRITE] RefMem[0x94] <= 0xef53d784
[SCOREBOARD PASS] Addr: 0x94 | Expected: 0xef53d784 | Actual: 0xef53d784
[SCOREBOARD PASS] Addr: 0x81 | Expected: 0x0 | Actual: 0x0
[SCOREBOARD WRITE] RefMem[0xaf] <= 0xe345fc7d
[SCOREBOARD PASS] Addr: 0xaf | Expected: 0xe345fc7d | Actual: 0xe345fc7d
[SCOREBOARD PASS] Addr: 0xae | Expected: 0x0 | Actual: 0x0
[SCOREBOARD WRITE] RefMem[0x92] <= 0xeccbb3b7
[SCOREBOARD PASS] Addr: 0x92 | Expected: 0xeccbb3b7 | Actual: 0xeccbb3b7
[SCOREBOARD WRITE] RefMem[0x69] <= 0x868b6070
[SCOREBOARD PASS] Addr: 0x69 | Expected: 0x868b6070 | Actual: 0x868b6070
[SCOREBOARD WRITE] RefMem[0x7f] <= 0xf480bb34
[SCOREBOARD PASS] Addr: 0x7f | Expected: 0xf480bb34 | Actual: 0xf480bb34
[SCOREBOARD PASS] Addr: 0xaf | Expected: 0xe345fc7d | Actual: 0xe345fc7d
[SCOREBOARD WRITE] RefMem[0x15] <= 0x84a4eadb
[SCOREBOARD PASS] Addr: 0x15 | Expected: 0x84a4eadb | Actual: 0x84a4eadb
[SCOREBOARD WRITE] RefMem[0xc1] <= 0xe5d152df
[SCOREBOARD PASS] Addr: 0xc1 | Expected: 0xe5d152df | Actual: 0xe5d152df
[SCOREBOARD WRITE] RefMem[0x7e] <= 0xc4762580
[SCOREBOARD PASS] Addr: 0x7e | Expected: 0xc4762580 | Actual: 0xc4762580
[SCOREBOARD PASS] Addr: 0x24 | Expected: 0x0 | Actual: 0x0
[SCOREBOARD WRITE] RefMem[0x2b] <= 0x8147592f
[SCOREBOARD PASS] Addr: 0x2b | Expected: 0x8147592f | Actual: 0x8147592f
[SCOREBOARD WRITE] RefMem[0xe2] <= 0xf778e5d3
[SCOREBOARD PASS] Addr: 0xe2 | Expected: 0xf778e5d3 | Actual: 0xf778e5d3
[SCOREBOARD WRITE] RefMem[0xbd] <= 0x9d998cb8
[SCOREBOARD PASS] Addr: 0xbd | Expected: 0x9d998cb8 | Actual: 0x9d998cb8
[SCOREBOARD WRITE] RefMem[0x74] <= 0x9803029b
[SCOREBOARD PASS] Addr: 0x74 | Expected: 0x9803029b | Actual: 0x9803029b
[SCOREBOARD WRITE] RefMem[0x2f] <= 0xa9e1415d
[SCOREBOARD PASS] Addr: 0x2f | Expected: 0xa9e1415d | Actual: 0xa9e1415d
[SCOREBOARD WRITE] RefMem[0x7b] <= 0x9763d488
[SCOREBOARD PASS] Addr: 0x7b | Expected: 0x9763d488 | Actual: 0x9763d488
[SCOREBOARD WRITE] RefMem[0x32] <= 0xca981cf5
[SCOREBOARD PASS] Addr: 0x32 | Expected: 0xca981cf5 | Actual: 0xca981cf5
[SCOREBOARD WRITE] RefMem[0x4] <= 0xca92b30a
[SCOREBOARD PASS] Addr: 0x4 | Expected: 0xca92b30a | Actual: 0xca92b30a
[SCOREBOARD WRITE] RefMem[0xe9] <= 0xfeea449c
[SCOREBOARD PASS] Addr: 0xe9 | Expected: 0xfeea449c | Actual: 0xfeea449c
[SCOREBOARD PASS] Addr: 0xa0 | Expected: 0x0 | Actual: 0x0
[SCOREBOARD WRITE] RefMem[0xfe] <= 0xa57aacc8
[SCOREBOARD PASS] Addr: 0xfe | Expected: 0xa57aacc8 | Actual: 0xa57aacc8
[SCOREBOARD WRITE] RefMem[0xba] <= 0xd91a6819
[SCOREBOARD PASS] Addr: 0xba | Expected: 0xd91a6819 | Actual: 0xd91a6819
[SCOREBOARD WRITE] RefMem[0xe1] <= 0xabb7663a
[SCOREBOARD PASS] Addr: 0xe1 | Expected: 0xabb7663a | Actual: 0xabb7663a
[SCOREBOARD WRITE] RefMem[0x26] <= 0xc85e9662
[SCOREBOARD PASS] Addr: 0x26 | Expected: 0xc85e9662 | Actual: 0xc85e9662
[SCOREBOARD WRITE] RefMem[0x4a] <= 0x36192c23
[SCOREBOARD PASS] Addr: 0x4a | Expected: 0x36192c23 | Actual: 0x36192c23
[SCOREBOARD WRITE] RefMem[0x65] <= 0xaf0c7b29
[SCOREBOARD PASS] Addr: 0x65 | Expected: 0xaf0c7b29 | Actual: 0xaf0c7b29
[SCOREBOARD PASS] Addr: 0xfa | Expected: 0x0 | Actual: 0x0
[SCOREBOARD WRITE] RefMem[0x91] <= 0xe4d14ddd
[SCOREBOARD PASS] Addr: 0x91 | Expected: 0xe4d14ddd | Actual: 0xe4d14ddd
[SCOREBOARD WRITE] RefMem[0x9] <= 0x8030bb9c
[SCOREBOARD PASS] Addr: 0x9 | Expected: 0x8030bb9c | Actual: 0x8030bb9c
[SCOREBOARD WRITE] RefMem[0x51] <= 0xc425bda6
[SCOREBOARD PASS] Addr: 0x51 | Expected: 0xc425bda6 | Actual: 0xc425bda6
[SCOREBOARD WRITE] RefMem[0xed] <= 0x15a775f8
[SCOREBOARD PASS] Addr: 0xed | Expected: 0x15a775f8 | Actual: 0x15a775f8
[SCOREBOARD WRITE] RefMem[0xe0] <= 0x9ac9b3fc
[SCOREBOARD PASS] Addr: 0xe0 | Expected: 0x9ac9b3fc | Actual: 0x9ac9b3fc
[SCOREBOARD WRITE] RefMem[0xb2] <= 0xaa5b462e
[SCOREBOARD PASS] Addr: 0xb2 | Expected: 0xaa5b462e | Actual: 0xaa5b462e
[SCOREBOARD WRITE] RefMem[0x8b] <= 0xe27b7bf7
[SCOREBOARD PASS] Addr: 0x8b | Expected: 0xe27b7bf7 | Actual: 0xe27b7bf7
[SCOREBOARD WRITE] RefMem[0x66] <= 0x31d56451
[SCOREBOARD PASS] Addr: 0x66 | Expected: 0x31d56451 | Actual: 0x31d56451
[SCOREBOARD WRITE] RefMem[0x87] <= 0xdf20a1a2
[SCOREBOARD PASS] Addr: 0x87 | Expected: 0xdf20a1a2 | Actual: 0xdf20a1a2
[SCOREBOARD WRITE] RefMem[0x8] <= 0x32c5b3fd
[SCOREBOARD PASS] Addr: 0x8 | Expected: 0x32c5b3fd | Actual: 0x32c5b3fd
[SCOREBOARD WRITE] RefMem[0x96] <= 0x83f0a80c
[SCOREBOARD PASS] Addr: 0x96 | Expected: 0x83f0a80c | Actual: 0x83f0a80c
[SCOREBOARD WRITE] RefMem[0xdb] <= 0xe1905c50
[SCOREBOARD PASS] Addr: 0xdb | Expected: 0xe1905c50 | Actual: 0xe1905c50
[SCOREBOARD WRITE] RefMem[0x51] <= 0xe060cef8
[SCOREBOARD PASS] Addr: 0x51 | Expected: 0xe060cef8 | Actual: 0xe060cef8
[SCOREBOARD PASS] Addr: 0xec | Expected: 0x0 | Actual: 0x0
[SCOREBOARD WRITE] RefMem[0xfc] <= 0xdc37617a
[SCOREBOARD PASS] Addr: 0xfc | Expected: 0xdc37617a | Actual: 0xdc37617a
[SCOREBOARD WRITE] RefMem[0x50] <= 0xa62fa10
[SCOREBOARD PASS] Addr: 0x50 | Expected: 0xa62fa10 | Actual: 0xa62fa10
[SCOREBOARD WRITE] RefMem[0x12] <= 0x8b2cac9e
[SCOREBOARD PASS] Addr: 0x12 | Expected: 0x8b2cac9e | Actual: 0x8b2cac9e
[SCOREBOARD PASS] Addr: 0x23 | Expected: 0x0 | Actual: 0x0
[SCOREBOARD WRITE] RefMem[0x46] <= 0xd6b199c8
[SCOREBOARD PASS] Addr: 0x46 | Expected: 0xd6b199c8 | Actual: 0xd6b199c8
[SCOREBOARD WRITE] RefMem[0x59] <= 0xe3fc3faa
[SCOREBOARD PASS] Addr: 0x59 | Expected: 0xe3fc3faa | Actual: 0xe3fc3faa
[SCOREBOARD WRITE] RefMem[0x58] <= 0x1e3d0ad0
[SCOREBOARD PASS] Addr: 0x58 | Expected: 0x1e3d0ad0 | Actual: 0x1e3d0ad0
[SCOREBOARD WRITE] RefMem[0x2e] <= 0x9425561
[SCOREBOARD PASS] Addr: 0x2e | Expected: 0x9425561 | Actual: 0x9425561
[SCOREBOARD WRITE] RefMem[0x95] <= 0xf4453fae
[SCOREBOARD PASS] Addr: 0x95 | Expected: 0xf4453fae | Actual: 0xf4453fae
[SCOREBOARD WRITE] RefMem[0xec] <= 0xd696a0b7
[SCOREBOARD PASS] Addr: 0xec | Expected: 0xd696a0b7 | Actual: 0xd696a0b7
[SCOREBOARD WRITE] RefMem[0x88] <= 0xc73327c4
[SCOREBOARD PASS] Addr: 0x88 | Expected: 0xc73327c4 | Actual: 0xc73327c4
[SCOREBOARD WRITE] RefMem[0xa] <= 0x8d4dd81c
[SCOREBOARD PASS] Addr: 0xa | Expected: 0x8d4dd81c | Actual: 0x8d4dd81c
[SCOREBOARD WRITE] RefMem[0x28] <= 0xa1f1f3f9
[SCOREBOARD PASS] Addr: 0x28 | Expected: 0xa1f1f3f9 | Actual: 0xa1f1f3f9
[SCOREBOARD WRITE] RefMem[0x40] <= 0x3391eae4
[SCOREBOARD PASS] Addr: 0x40 | Expected: 0x3391eae4 | Actual: 0x3391eae4
[SCOREBOARD WRITE] RefMem[0xa6] <= 0x249d8426
[SCOREBOARD PASS] Addr: 0xa6 | Expected: 0x249d8426 | Actual: 0x249d8426
[SCOREBOARD WRITE] RefMem[0x6a] <= 0xd1c955aa
[SCOREBOARD PASS] Addr: 0x6a | Expected: 0xd1c955aa | Actual: 0xd1c955aa
[SCOREBOARD WRITE] RefMem[0xc8] <= 0x9c214f5e
[SCOREBOARD PASS] Addr: 0xc8 | Expected: 0x9c214f5e | Actual: 0x9c214f5e
[SCOREBOARD WRITE] RefMem[0xb9] <= 0xee0a0b80
[SCOREBOARD PASS] Addr: 0xb9 | Expected: 0xee0a0b80 | Actual: 0xee0a0b80
[SCOREBOARD WRITE] RefMem[0x65] <= 0x9adf20ea
[SCOREBOARD PASS] Addr: 0x65 | Expected: 0x9adf20ea | Actual: 0x9adf20ea
[SCOREBOARD WRITE] RefMem[0x5b] <= 0xe36bb026
[SCOREBOARD PASS] Addr: 0x5b | Expected: 0xe36bb026 | Actual: 0xe36bb026
[SCOREBOARD WRITE] RefMem[0xde] <= 0xc52ea2f5
[SCOREBOARD PASS] Addr: 0xde | Expected: 0xc52ea2f5 | Actual: 0xc52ea2f5
[SCOREBOARD WRITE] RefMem[0x23] <= 0x1a46f18e
[SCOREBOARD PASS] Addr: 0x23 | Expected: 0x1a46f18e | Actual: 0x1a46f18e
[SCOREBOARD WRITE] RefMem[0x74] <= 0xf3d0ca5a
[SCOREBOARD PASS] Addr: 0x74 | Expected: 0xf3d0ca5a | Actual: 0xf3d0ca5a
[SCOREBOARD WRITE] RefMem[0x73] <= 0xf995e155
[SCOREBOARD PASS] Addr: 0x73 | Expected: 0xf995e155 | Actual: 0xf995e155
[SCOREBOARD WRITE] RefMem[0x59] <= 0xcf285e4c
[SCOREBOARD PASS] Addr: 0x59 | Expected: 0xcf285e4c | Actual: 0xcf285e4c
[SCOREBOARD PASS] Addr: 0xb3 | Expected: 0x0 | Actual: 0x0
[SCOREBOARD WRITE] RefMem[0x7d] <= 0xb4172239
[SCOREBOARD PASS] Addr: 0x7d | Expected: 0xb4172239 | Actual: 0xb4172239
[SCOREBOARD WRITE] RefMem[0x96] <= 0x638aa33
[SCOREBOARD PASS] Addr: 0x96 | Expected: 0x638aa33 | Actual: 0x638aa33
[SCOREBOARD PASS] Addr: 0xb9 | Expected: 0xee0a0b80 | Actual: 0xee0a0b80
[SCOREBOARD PASS] Addr: 0xe4 | Expected: 0x0 | Actual: 0x0
[SCOREBOARD WRITE] RefMem[0x30] <= 0xd5662fda
[SCOREBOARD PASS] Addr: 0x30 | Expected: 0xd5662fda | Actual: 0xd5662fda
[SCOREBOARD WRITE] RefMem[0x79] <= 0xab4fd173
[SCOREBOARD PASS] Addr: 0x79 | Expected: 0xab4fd173 | Actual: 0xab4fd173
[SCOREBOARD PASS] Addr: 0xb1 | Expected: 0x0 | Actual: 0x0
[SCOREBOARD WRITE] RefMem[0x56] <= 0xbee2f819
[SCOREBOARD PASS] Addr: 0x56 | Expected: 0xbee2f819 | Actual: 0xbee2f819
[SCOREBOARD WRITE] RefMem[0x76] <= 0xf31c7fc9
[SCOREBOARD PASS] Addr: 0x76 | Expected: 0xf31c7fc9 | Actual: 0xf31c7fc9
[SCOREBOARD WRITE] RefMem[0x2] <= 0xb407b3d8
[SCOREBOARD PASS] Addr: 0x2 | Expected: 0xb407b3d8 | Actual: 0xb407b3d8
[SCOREBOARD WRITE] RefMem[0xeb] <= 0xd450ad2d
[SCOREBOARD PASS] Addr: 0xeb | Expected: 0xd450ad2d | Actual: 0xd450ad2d
[SCOREBOARD WRITE] RefMem[0xd3] <= 0xd52d8d66
[SCOREBOARD PASS] Addr: 0xd3 | Expected: 0xd52d8d66 | Actual: 0xd52d8d66
[SCOREBOARD WRITE] RefMem[0xfe] <= 0x9d1d7672
[SCOREBOARD PASS] Addr: 0xfe | Expected: 0x9d1d7672 | Actual: 0x9d1d7672
[SCOREBOARD WRITE] RefMem[0x94] <= 0x199841b5
[SCOREBOARD PASS] Addr: 0x94 | Expected: 0x199841b5 | Actual: 0x199841b5
[SCOREBOARD WRITE] RefMem[0x32] <= 0xd653a5a3
[SCOREBOARD PASS] Addr: 0x32 | Expected: 0xd653a5a3 | Actual: 0xd653a5a3
[SCOREBOARD WRITE] RefMem[0x39] <= 0xfa3292ec
[SCOREBOARD PASS] Addr: 0x39 | Expected: 0xfa3292ec | Actual: 0xfa3292ec
[SCOREBOARD WRITE] RefMem[0x93] <= 0xcab7c024
[SCOREBOARD PASS] Addr: 0x93 | Expected: 0xcab7c024 | Actual: 0xcab7c024
[SCOREBOARD WRITE] RefMem[0xe8] <= 0xed083a85
[SCOREBOARD PASS] Addr: 0xe8 | Expected: 0xed083a85 | Actual: 0xed083a85
[SCOREBOARD PASS] Addr: 0x11 | Expected: 0x0 | Actual: 0x0
[SCOREBOARD WRITE] RefMem[0xf5] <= 0xfb3cd533
[SCOREBOARD PASS] Addr: 0xf5 | Expected: 0xfb3cd533 | Actual: 0xfb3cd533
[SCOREBOARD PASS] Addr: 0x67 | Expected: 0x0 | Actual: 0x0
[SCOREBOARD PASS] Addr: 0xe6 | Expected: 0x0 | Actual: 0x0
[SCOREBOARD WRITE] RefMem[0x24] <= 0xbb65a0fd
[SCOREBOARD PASS] Addr: 0x24 | Expected: 0xbb65a0fd | Actual: 0xbb65a0fd
[SCOREBOARD WRITE] RefMem[0x83] <= 0xd5749f6d
[SCOREBOARD PASS] Addr: 0x83 | Expected: 0xd5749f6d | Actual: 0xd5749f6d
[SCOREBOARD WRITE] RefMem[0x33] <= 0x10693742
[SCOREBOARD PASS] Addr: 0x33 | Expected: 0x10693742 | Actual: 0x10693742
[SCOREBOARD WRITE] RefMem[0x8a] <= 0xdc6d61a3
[SCOREBOARD PASS] Addr: 0x8a | Expected: 0xdc6d61a3 | Actual: 0xdc6d61a3
[SCOREBOARD PASS] Addr: 0x74 | Expected: 0xf3d0ca5a | Actual: 0xf3d0ca5a
[SCOREBOARD WRITE] RefMem[0x1b] <= 0x302cc42a
[SCOREBOARD PASS] Addr: 0x1b | Expected: 0x302cc42a | Actual: 0x302cc42a
[SCOREBOARD WRITE] RefMem[0x37] <= 0xf1205271
[SCOREBOARD PASS] Addr: 0x37 | Expected: 0xf1205271 | Actual: 0xf1205271
[SCOREBOARD WRITE] RefMem[0x37] <= 0xee5f0e7b
[SCOREBOARD WRITE] RefMem[0x43] <= 0x10b10ae5
[SCOREBOARD PASS] Addr: 0x43 | Expected: 0x10b10ae5 | Actual: 0x10b10ae5
[SCOREBOARD WRITE] RefMem[0xdc] <= 0xfa4b8759
[SCOREBOARD PASS] Addr: 0xdc | Expected: 0xfa4b8759 | Actual: 0xfa4b8759
[SCOREBOARD WRITE] RefMem[0x6f] <= 0xd80cc392
[SCOREBOARD PASS] Addr: 0x6f | Expected: 0xd80cc392 | Actual: 0xd80cc392
[SCOREBOARD WRITE] RefMem[0x84] <= 0xa41d541d
[SCOREBOARD PASS] Addr: 0x84 | Expected: 0xa41d541d | Actual: 0xa41d541d
[SCOREBOARD WRITE] RefMem[0xdd] <= 0xe7c3aa84
[SCOREBOARD PASS] Addr: 0xdd | Expected: 0xe7c3aa84 | Actual: 0xe7c3aa84
[SCOREBOARD WRITE] RefMem[0x2e] <= 0xce8263a2
[SCOREBOARD PASS] Addr: 0x2e | Expected: 0xce8263a2 | Actual: 0xce8263a2
[SCOREBOARD WRITE] RefMem[0xa5] <= 0xea38ac6a
[SCOREBOARD PASS] Addr: 0xa5 | Expected: 0xea38ac6a | Actual: 0xea38ac6a
[SCOREBOARD WRITE] RefMem[0x5e] <= 0x880b1790
[SCOREBOARD PASS] Addr: 0x5e | Expected: 0x880b1790 | Actual: 0x880b1790
[SCOREBOARD WRITE] RefMem[0x76] <= 0x3355978e
[SCOREBOARD PASS] Addr: 0x76 | Expected: 0x3355978e | Actual: 0x3355978e
[SCOREBOARD WRITE] RefMem[0xdf] <= 0x1ddd56ac
[SCOREBOARD PASS] Addr: 0xdf | Expected: 0x1ddd56ac | Actual: 0x1ddd56ac
[SCOREBOARD WRITE] RefMem[0x9e] <= 0xef8a9c05
[SCOREBOARD PASS] Addr: 0x9e | Expected: 0xef8a9c05 | Actual: 0xef8a9c05
[SCOREBOARD WRITE] RefMem[0xb2] <= 0x3c75ea72
[SCOREBOARD PASS] Addr: 0xb2 | Expected: 0x3c75ea72 | Actual: 0x3c75ea72
[SCOREBOARD WRITE] RefMem[0x7b] <= 0xf605f768
[SCOREBOARD PASS] Addr: 0x7b | Expected: 0xf605f768 | Actual: 0xf605f768
[SCOREBOARD WRITE] RefMem[0xa6] <= 0xf3506201
[SCOREBOARD PASS] Addr: 0xa6 | Expected: 0xf3506201 | Actual: 0xf3506201
[SCOREBOARD PASS] Addr: 0xab | Expected: 0x0 | Actual: 0x0
[SCOREBOARD WRITE] RefMem[0xf8] <= 0xd58033c7
[SCOREBOARD PASS] Addr: 0xf8 | Expected: 0xd58033c7 | Actual: 0xd58033c7
[SCOREBOARD WRITE] RefMem[0x49] <= 0xd15e533f
[SCOREBOARD PASS] Addr: 0x49 | Expected: 0xd15e533f | Actual: 0xd15e533f
[SCOREBOARD PASS] Addr: 0x95 | Expected: 0xf4453fae | Actual: 0xf4453fae
[SCOREBOARD WRITE] RefMem[0x8f] <= 0xdb1e9010
[SCOREBOARD PASS] Addr: 0x8f | Expected: 0xdb1e9010 | Actual: 0xdb1e9010
[SCOREBOARD WRITE] RefMem[0xd0] <= 0x98fc1154
[SCOREBOARD PASS] Addr: 0xd0 | Expected: 0x98fc1154 | Actual: 0x98fc1154
[SCOREBOARD WRITE] RefMem[0x76] <= 0xf3f70fcc
[SCOREBOARD PASS] Addr: 0x76 | Expected: 0xf3f70fcc | Actual: 0xf3f70fcc
[SCOREBOARD WRITE] RefMem[0x40] <= 0x37eaf076
[SCOREBOARD PASS] Addr: 0x40 | Expected: 0x37eaf076 | Actual: 0x37eaf076
[SCOREBOARD WRITE] RefMem[0xd8] <= 0xf74123a8
[SCOREBOARD PASS] Addr: 0xd8 | Expected: 0xf74123a8 | Actual: 0xf74123a8
[SCOREBOARD WRITE] RefMem[0xd3] <= 0x3b928431
[SCOREBOARD PASS] Addr: 0xd3 | Expected: 0x3b928431 | Actual: 0x3b928431
[SCOREBOARD WRITE] RefMem[0xb4] <= 0xff895952
[SCOREBOARD PASS] Addr: 0xb4 | Expected: 0xff895952 | Actual: 0xff895952
[SCOREBOARD WRITE] RefMem[0x70] <= 0xd7c62768
[SCOREBOARD PASS] Addr: 0x70 | Expected: 0xd7c62768 | Actual: 0xd7c62768
[SCOREBOARD WRITE] RefMem[0x5d] <= 0x46477e4
[SCOREBOARD PASS] Addr: 0x5d | Expected: 0x46477e4 | Actual: 0x46477e4
[SCOREBOARD WRITE] RefMem[0x9f] <= 0xfab84f50
[SCOREBOARD PASS] Addr: 0x9f | Expected: 0xfab84f50 | Actual: 0xfab84f50
[SCOREBOARD WRITE] RefMem[0xab] <= 0xd230df01
[SCOREBOARD PASS] Addr: 0xab | Expected: 0xd230df01 | Actual: 0xd230df01
[SCOREBOARD WRITE] RefMem[0x1a] <= 0xf1b017fc
[SCOREBOARD PASS] Addr: 0x1a | Expected: 0xf1b017fc | Actual: 0xf1b017fc
[SCOREBOARD WRITE] RefMem[0x8c] <= 0xdb9333dc
[SCOREBOARD PASS] Addr: 0x8c | Expected: 0xdb9333dc | Actual: 0xdb9333dc
[SCOREBOARD PASS] Addr: 0x8 | Expected: 0x32c5b3fd | Actual: 0x32c5b3fd
[SCOREBOARD WRITE] RefMem[0x1f] <= 0xce32c25e
[SCOREBOARD PASS] Addr: 0x1f | Expected: 0xce32c25e | Actual: 0xce32c25e
[SCOREBOARD WRITE] RefMem[0x86] <= 0xa952c0c7
[SCOREBOARD PASS] Addr: 0x86 | Expected: 0xa952c0c7 | Actual: 0xa952c0c7
[SCOREBOARD WRITE] RefMem[0x88] <= 0xd02c6e75
[SCOREBOARD PASS] Addr: 0x88 | Expected: 0xd02c6e75 | Actual: 0xd02c6e75
[SCOREBOARD PASS] Addr: 0xf6 | Expected: 0x0 | Actual: 0x0
[SCOREBOARD WRITE] RefMem[0xca] <= 0x9d9f3382
[SCOREBOARD PASS] Addr: 0xca | Expected: 0x9d9f3382 | Actual: 0x9d9f3382
[SCOREBOARD WRITE] RefMem[0x18] <= 0xe7e932b6
[SCOREBOARD PASS] Addr: 0x18 | Expected: 0xe7e932b6 | Actual: 0xe7e932b6
[SCOREBOARD WRITE] RefMem[0xb4] <= 0x99f8ecfb
[SCOREBOARD PASS] Addr: 0xb4 | Expected: 0x99f8ecfb | Actual: 0x99f8ecfb
[SCOREBOARD WRITE] RefMem[0x6d] <= 0x3874a9c6
[SCOREBOARD PASS] Addr: 0x6d | Expected: 0x3874a9c6 | Actual: 0x3874a9c6
[SCOREBOARD PASS] Addr: 0x9a | Expected: 0x0 | Actual: 0x0
[SCOREBOARD WRITE] RefMem[0x78] <= 0x809d43d9
[SCOREBOARD PASS] Addr: 0x78 | Expected: 0x809d43d9 | Actual: 0x809d43d9
[SCOREBOARD WRITE] RefMem[0x3a] <= 0xf3e21021
[SCOREBOARD PASS] Addr: 0x3a | Expected: 0xf3e21021 | Actual: 0xf3e21021
[SCOREBOARD WRITE] RefMem[0xec] <= 0x4981da0
[SCOREBOARD PASS] Addr: 0xec | Expected: 0x4981da0 | Actual: 0x4981da0
[SCOREBOARD WRITE] RefMem[0x4f] <= 0xb88f049
[SCOREBOARD PASS] Addr: 0x4f | Expected: 0xb88f049 | Actual: 0xb88f049
[SCOREBOARD WRITE] RefMem[0x6a] <= 0xf3ea55bf
[SCOREBOARD PASS] Addr: 0x6a | Expected: 0xf3ea55bf | Actual: 0xf3ea55bf
[SCOREBOARD WRITE] RefMem[0xc0] <= 0xc939287a
[SCOREBOARD PASS] Addr: 0xc0 | Expected: 0xc939287a | Actual: 0xc939287a
[SCOREBOARD WRITE] RefMem[0xf2] <= 0xd76f9232
[SCOREBOARD PASS] Addr: 0xf2 | Expected: 0xd76f9232 | Actual: 0xd76f9232
[SCOREBOARD WRITE] RefMem[0x5b] <= 0xcb31adaa
[SCOREBOARD PASS] Addr: 0x5b | Expected: 0xcb31adaa | Actual: 0xcb31adaa
[SCOREBOARD WRITE] RefMem[0x76] <= 0x2e712729
[SCOREBOARD PASS] Addr: 0x76 | Expected: 0x2e712729 | Actual: 0x2e712729
[SCOREBOARD WRITE] RefMem[0xe5] <= 0x30badde9
[SCOREBOARD PASS] Addr: 0xe5 | Expected: 0x30badde9 | Actual: 0x30badde9
[SCOREBOARD WRITE] RefMem[0x73] <= 0xd082d5f7
[SCOREBOARD PASS] Addr: 0x73 | Expected: 0xd082d5f7 | Actual: 0xd082d5f7
[SCOREBOARD WRITE] RefMem[0xa6] <= 0x2562dab9
[SCOREBOARD PASS] Addr: 0xa6 | Expected: 0x2562dab9 | Actual: 0x2562dab9
[SCOREBOARD WRITE] RefMem[0x26] <= 0xfc062029
[SCOREBOARD PASS] Addr: 0x26 | Expected: 0xfc062029 | Actual: 0xfc062029
[SCOREBOARD WRITE] RefMem[0x9] <= 0x84416a52
[SCOREBOARD PASS] Addr: 0x9 | Expected: 0x84416a52 | Actual: 0x84416a52
[SCOREBOARD WRITE] RefMem[0x36] <= 0x8b7cf414
[SCOREBOARD PASS] Addr: 0x36 | Expected: 0x8b7cf414 | Actual: 0x8b7cf414
[SCOREBOARD WRITE] RefMem[0x23] <= 0xe249abd5
[SCOREBOARD PASS] Addr: 0x23 | Expected: 0xe249abd5 | Actual: 0xe249abd5
[SCOREBOARD WRITE] RefMem[0x10] <= 0x3d21096c
[SCOREBOARD PASS] Addr: 0x10 | Expected: 0x3d21096c | Actual: 0x3d21096c
[SCOREBOARD WRITE] RefMem[0x5e] <= 0xfe71fe44
[SCOREBOARD PASS] Addr: 0x5e | Expected: 0xfe71fe44 | Actual: 0xfe71fe44
[SCOREBOARD WRITE] RefMem[0xef] <= 0x24ec0518
[SCOREBOARD PASS] Addr: 0xef | Expected: 0x24ec0518 | Actual: 0x24ec0518
[SCOREBOARD WRITE] RefMem[0x84] <= 0x150f9c8f
[SCOREBOARD PASS] Addr: 0x84 | Expected: 0x150f9c8f | Actual: 0x150f9c8f
[SCOREBOARD WRITE] RefMem[0x21] <= 0xcd32ba2d
[SCOREBOARD PASS] Addr: 0x21 | Expected: 0xcd32ba2d | Actual: 0xcd32ba2d
[SCOREBOARD WRITE] RefMem[0x11] <= 0x1a11b355
[SCOREBOARD PASS] Addr: 0x11 | Expected: 0x1a11b355 | Actual: 0x1a11b355
[SCOREBOARD WRITE] RefMem[0x51] <= 0x1c08b12c
[SCOREBOARD PASS] Addr: 0x51 | Expected: 0x1c08b12c | Actual: 0x1c08b12c
[SCOREBOARD PASS] Addr: 0x23 | Expected: 0xe249abd5 | Actual: 0xe249abd5
[SCOREBOARD WRITE] RefMem[0xe7] <= 0xb66189e9
[SCOREBOARD PASS] Addr: 0xe7 | Expected: 0xb66189e9 | Actual: 0xb66189e9
[SCOREBOARD WRITE] RefMem[0x1d] <= 0x15f815fd
[SCOREBOARD PASS] Addr: 0x1d | Expected: 0x15f815fd | Actual: 0x15f815fd
[SCOREBOARD WRITE] RefMem[0xcf] <= 0x8d1fce2f
[SCOREBOARD PASS] Addr: 0xcf | Expected: 0x8d1fce2f | Actual: 0x8d1fce2f
[SCOREBOARD PASS] Addr: 0xee | Expected: 0x0 | Actual: 0x0
[SCOREBOARD WRITE] RefMem[0xb3] <= 0x128d3483
[SCOREBOARD PASS] Addr: 0xb3 | Expected: 0x128d3483 | Actual: 0x128d3483
[SCOREBOARD WRITE] RefMem[0xe1] <= 0x3b549ab3
[SCOREBOARD PASS] Addr: 0xe1 | Expected: 0x3b549ab3 | Actual: 0x3b549ab3
[SCOREBOARD PASS] Addr: 0xa6 | Expected: 0x2562dab9 | Actual: 0x2562dab9
[SCOREBOARD PASS] Addr: 0xf8 | Expected: 0xd58033c7 | Actual: 0xd58033c7
[SCOREBOARD PASS] Addr: 0xfe | Expected: 0x9d1d7672 | Actual: 0x9d1d7672
[SCOREBOARD PASS] Addr: 0x7e | Expected: 0xc4762580 | Actual: 0xc4762580
[SCOREBOARD PASS] Addr: 0xa9 | Expected: 0x0 | Actual: 0x0
[SCOREBOARD WRITE] RefMem[0x94] <= 0xdaa21578
[SCOREBOARD PASS] Addr: 0x94 | Expected: 0xdaa21578 | Actual: 0xdaa21578
[SCOREBOARD WRITE] RefMem[0x1a] <= 0xd44c9a18
[SCOREBOARD PASS] Addr: 0x1a | Expected: 0xd44c9a18 | Actual: 0xd44c9a18
[SCOREBOARD WRITE] RefMem[0x6c] <= 0xa4c63288
[SCOREBOARD PASS] Addr: 0x6c | Expected: 0xa4c63288 | Actual: 0xa4c63288
[SCOREBOARD PASS] Addr: 0x35 | Expected: 0x0 | Actual: 0x0
[SCOREBOARD WRITE] RefMem[0xc4] <= 0xdf7beb6f
[SCOREBOARD PASS] Addr: 0xc4 | Expected: 0xdf7beb6f | Actual: 0xdf7beb6f
[SCOREBOARD WRITE] RefMem[0xef] <= 0xcb777105
[SCOREBOARD PASS] Addr: 0xef | Expected: 0xcb777105 | Actual: 0xcb777105
[SCOREBOARD PASS] Addr: 0x40 | Expected: 0x37eaf076 | Actual: 0x37eaf076
[SCOREBOARD PASS] Addr: 0xff | Expected: 0x0 | Actual: 0x0
[SCOREBOARD PASS] Addr: 0x57 | Expected: 0x0 | Actual: 0x0
[SCOREBOARD PASS] Addr: 0x3f | Expected: 0x0 | Actual: 0x0
[SCOREBOARD WRITE] RefMem[0x38] <= 0xa21afe0e
[SCOREBOARD PASS] Addr: 0x38 | Expected: 0xa21afe0e | Actual: 0xa21afe0e
[SCOREBOARD PASS] Addr: 0x77 | Expected: 0x0 | Actual: 0x0
[SCOREBOARD WRITE] RefMem[0x3e] <= 0xc4921d79
[SCOREBOARD PASS] Addr: 0x3e | Expected: 0xc4921d79 | Actual: 0xc4921d79
[SCOREBOARD WRITE] RefMem[0xb0] <= 0xfa6e0eb0
[SCOREBOARD PASS] Addr: 0xb0 | Expected: 0xfa6e0eb0 | Actual: 0xfa6e0eb0
[SCOREBOARD WRITE] RefMem[0x49] <= 0xec54a7b5
[SCOREBOARD PASS] Addr: 0x49 | Expected: 0xec54a7b5 | Actual: 0xec54a7b5
[SCOREBOARD WRITE] RefMem[0x55] <= 0xe99e90df
[SCOREBOARD PASS] Addr: 0x55 | Expected: 0xe99e90df | Actual: 0xe99e90df
[SCOREBOARD WRITE] RefMem[0x12] <= 0xe0afc9ba
[SCOREBOARD PASS] Addr: 0x12 | Expected: 0xe0afc9ba | Actual: 0xe0afc9ba
[SCOREBOARD WRITE] RefMem[0x8b] <= 0xe77767bd
[SCOREBOARD PASS] Addr: 0x8b | Expected: 0xe77767bd | Actual: 0xe77767bd
[SCOREBOARD WRITE] RefMem[0x40] <= 0x8048f74f
[SCOREBOARD PASS] Addr: 0x40 | Expected: 0x8048f74f | Actual: 0x8048f74f
[SCOREBOARD WRITE] RefMem[0xb8] <= 0xd5a25065
[SCOREBOARD PASS] Addr: 0xb8 | Expected: 0xd5a25065 | Actual: 0xd5a25065
[SCOREBOARD PASS] Addr: 0x53 | Expected: 0x0 | Actual: 0x0
[SCOREBOARD WRITE] RefMem[0x5a] <= 0x144c463c
[SCOREBOARD PASS] Addr: 0x5a | Expected: 0x144c463c | Actual: 0x144c463c
[SCOREBOARD WRITE] RefMem[0x3e] <= 0xf1fc6802
[SCOREBOARD PASS] Addr: 0x3e | Expected: 0xf1fc6802 | Actual: 0xf1fc6802
[SCOREBOARD WRITE] RefMem[0x2b] <= 0xc312801f
[SCOREBOARD PASS] Addr: 0x2b | Expected: 0xc312801f | Actual: 0xc312801f
[SCOREBOARD WRITE] RefMem[0x36] <= 0xb60a9b15
[SCOREBOARD PASS] Addr: 0x36 | Expected: 0xb60a9b15 | Actual: 0xb60a9b15
[SCOREBOARD WRITE] RefMem[0xa2] <= 0x85c3f9ad
[SCOREBOARD PASS] Addr: 0xa2 | Expected: 0x85c3f9ad | Actual: 0x85c3f9ad
[SCOREBOARD WRITE] RefMem[0x30] <= 0xbc65bbeb
[SCOREBOARD PASS] Addr: 0x30 | Expected: 0xbc65bbeb | Actual: 0xbc65bbeb
[SCOREBOARD WRITE] RefMem[0x4b] <= 0xe7d2360f
[SCOREBOARD PASS] Addr: 0x4b | Expected: 0xe7d2360f | Actual: 0xe7d2360f
[SCOREBOARD WRITE] RefMem[0x6] <= 0xdb25e7d9
[SCOREBOARD PASS] Addr: 0x6 | Expected: 0xdb25e7d9 | Actual: 0xdb25e7d9
[SCOREBOARD PASS] Addr: 0xb | Expected: 0x0 | Actual: 0x0
[SCOREBOARD PASS] Addr: 0xfd | Expected: 0x0 | Actual: 0x0
[SCOREBOARD WRITE] RefMem[0x70] <= 0x9fbfbcd
[SCOREBOARD PASS] Addr: 0x70 | Expected: 0x9fbfbcd | Actual: 0x9fbfbcd
[SCOREBOARD WRITE] RefMem[0x4a] <= 0xb4ef1bb8
[SCOREBOARD PASS] Addr: 0x4a | Expected: 0xb4ef1bb8 | Actual: 0xb4ef1bb8
[SCOREBOARD PASS] Addr: 0x7d | Expected: 0xb4172239 | Actual: 0xb4172239
[SCOREBOARD WRITE] RefMem[0xf7] <= 0x3f2490fa
[SCOREBOARD PASS] Addr: 0xf7 | Expected: 0x3f2490fa | Actual: 0x3f2490fa
[SCOREBOARD WRITE] RefMem[0x65] <= 0x2e9ed2e3
[SCOREBOARD PASS] Addr: 0x65 | Expected: 0x2e9ed2e3 | Actual: 0x2e9ed2e3
[SCOREBOARD WRITE] RefMem[0x34] <= 0x1e361f17
[SCOREBOARD PASS] Addr: 0x34 | Expected: 0x1e361f17 | Actual: 0x1e361f17
[SCOREBOARD PASS] Addr: 0xb6 | Expected: 0x0 | Actual: 0x0
[SCOREBOARD WRITE] RefMem[0x2e] <= 0x96a91926
[SCOREBOARD PASS] Addr: 0x2e | Expected: 0x96a91926 | Actual: 0x96a91926
[SCOREBOARD WRITE] RefMem[0xf6] <= 0x884b856f
[SCOREBOARD PASS] Addr: 0xf6 | Expected: 0x884b856f | Actual: 0x884b856f
[SCOREBOARD WRITE] RefMem[0x24] <= 0x2ae78e2a
[SCOREBOARD PASS] Addr: 0x24 | Expected: 0x2ae78e2a | Actual: 0x2ae78e2a
[SCOREBOARD WRITE] RefMem[0xc1] <= 0xd239e9aa
[SCOREBOARD PASS] Addr: 0xc1 | Expected: 0xd239e9aa | Actual: 0xd239e9aa
[SCOREBOARD WRITE] RefMem[0x6b] <= 0xd86173b2
[SCOREBOARD PASS] Addr: 0x6b | Expected: 0xd86173b2 | Actual: 0xd86173b2
[SCOREBOARD WRITE] RefMem[0x38] <= 0x98f78d36
[SCOREBOARD PASS] Addr: 0x38 | Expected: 0x98f78d36 | Actual: 0x98f78d36
[SCOREBOARD WRITE] RefMem[0xbc] <= 0x16142f6a
[SCOREBOARD PASS] Addr: 0xbc | Expected: 0x16142f6a | Actual: 0x16142f6a
[SCOREBOARD WRITE] RefMem[0xc8] <= 0xac6406e
[SCOREBOARD PASS] Addr: 0xc8 | Expected: 0xac6406e | Actual: 0xac6406e
[SCOREBOARD PASS] Addr: 0xd6 | Expected: 0x0 | Actual: 0x0
[SCOREBOARD PASS] Addr: 0x2a | Expected: 0xdb240968 | Actual: 0xdb240968
[SCOREBOARD WRITE] RefMem[0x61] <= 0x8f5013cd
[SCOREBOARD PASS] Addr: 0x61 | Expected: 0x8f5013cd | Actual: 0x8f5013cd
[SCOREBOARD PASS] Addr: 0x8e | Expected: 0x0 | Actual: 0x0
[SCOREBOARD WRITE] RefMem[0x5b] <= 0xfcb6641e
[SCOREBOARD PASS] Addr: 0x5b | Expected: 0xfcb6641e | Actual: 0xfcb6641e
[SCOREBOARD PASS] Addr: 0xb9 | Expected: 0xee0a0b80 | Actual: 0xee0a0b80
[SCOREBOARD WRITE] RefMem[0x16] <= 0xf8aad745
[SCOREBOARD PASS] Addr: 0x16 | Expected: 0xf8aad745 | Actual: 0xf8aad745
[SCOREBOARD WRITE] RefMem[0xc4] <= 0x9cf732e5
[SCOREBOARD PASS] Addr: 0xc4 | Expected: 0x9cf732e5 | Actual: 0x9cf732e5
[SCOREBOARD WRITE] RefMem[0xdb] <= 0xd9d73aec
[SCOREBOARD PASS] Addr: 0xdb | Expected: 0xd9d73aec | Actual: 0xd9d73aec
[SCOREBOARD WRITE] RefMem[0x60] <= 0x3fb4cc1f
[SCOREBOARD PASS] Addr: 0x60 | Expected: 0x3fb4cc1f | Actual: 0x3fb4cc1f
[SCOREBOARD WRITE] RefMem[0x7c] <= 0xc19f7140
[SCOREBOARD PASS] Addr: 0x7c | Expected: 0xc19f7140 | Actual: 0xc19f7140
[SCOREBOARD WRITE] RefMem[0xbc] <= 0x14d5b713
[SCOREBOARD PASS] Addr: 0xbc | Expected: 0x14d5b713 | Actual: 0x14d5b713
[SCOREBOARD WRITE] RefMem[0x84] <= 0x114c69a9
[SCOREBOARD PASS] Addr: 0x84 | Expected: 0x114c69a9 | Actual: 0x114c69a9
[SCOREBOARD PASS] Addr: 0xee | Expected: 0x0 | Actual: 0x0
[SCOREBOARD PASS] Addr: 0xe6 | Expected: 0x0 | Actual: 0x0
[SCOREBOARD WRITE] RefMem[0x30] <= 0x87035bdb
[SCOREBOARD PASS] Addr: 0x30 | Expected: 0x87035bdb | Actual: 0x87035bdb
[SCOREBOARD WRITE] RefMem[0xe6] <= 0xe7543164
[SCOREBOARD PASS] Addr: 0xe6 | Expected: 0xe7543164 | Actual: 0xe7543164
[SCOREBOARD WRITE] RefMem[0xae] <= 0xd5fb4cd9
[SCOREBOARD PASS] Addr: 0xae | Expected: 0xd5fb4cd9 | Actual: 0xd5fb4cd9
[SCOREBOARD WRITE] RefMem[0x38] <= 0x9f9ad4e4
[SCOREBOARD PASS] Addr: 0x38 | Expected: 0x9f9ad4e4 | Actual: 0x9f9ad4e4
[SCOREBOARD WRITE] RefMem[0x50] <= 0x350043eb
[SCOREBOARD PASS] Addr: 0x50 | Expected: 0x350043eb | Actual: 0x350043eb
[SCOREBOARD WRITE] RefMem[0x89] <= 0x662e198
[SCOREBOARD PASS] Addr: 0x89 | Expected: 0x662e198 | Actual: 0x662e198
[SCOREBOARD WRITE] RefMem[0x58] <= 0xe7fa3b20
[SCOREBOARD PASS] Addr: 0x58 | Expected: 0xe7fa3b20 | Actual: 0xe7fa3b20
[SCOREBOARD PASS] Addr: 0x45 | Expected: 0x0 | Actual: 0x0
[SCOREBOARD PASS] Addr: 0x28 | Expected: 0xa1f1f3f9 | Actual: 0xa1f1f3f9
[SCOREBOARD PASS] Addr: 0xa9 | Expected: 0x0 | Actual: 0x0
[SCOREBOARD WRITE] RefMem[0x21] <= 0x9411ffdb
[SCOREBOARD PASS] Addr: 0x21 | Expected: 0x9411ffdb | Actual: 0x9411ffdb
[SCOREBOARD WRITE] RefMem[0xfa] <= 0xc7e83d1e
[SCOREBOARD PASS] Addr: 0xfa | Expected: 0xc7e83d1e | Actual: 0xc7e83d1e
[SCOREBOARD WRITE] RefMem[0x74] <= 0xea42add5
[SCOREBOARD PASS] Addr: 0x74 | Expected: 0xea42add5 | Actual: 0xea42add5
[SCOREBOARD PASS] Addr: 0x97 | Expected: 0x0 | Actual: 0x0
[SCOREBOARD WRITE] RefMem[0x1e] <= 0xc2a98b67
[SCOREBOARD PASS] Addr: 0x1e | Expected: 0xc2a98b67 | Actual: 0xc2a98b67
[SCOREBOARD WRITE] RefMem[0xe] <= 0x226aaeb0
[SCOREBOARD PASS] Addr: 0xe | Expected: 0x226aaeb0 | Actual: 0x226aaeb0
[SCOREBOARD WRITE] RefMem[0x92] <= 0xe166bd81
[SCOREBOARD PASS] Addr: 0x92 | Expected: 0xe166bd81 | Actual: 0xe166bd81
[SCOREBOARD WRITE] RefMem[0x20] <= 0x245eb1de
[SCOREBOARD PASS] Addr: 0x20 | Expected: 0x245eb1de | Actual: 0x245eb1de
[SCOREBOARD PASS] Addr: 0x5f | Expected: 0x0 | Actual: 0x0
[SCOREBOARD WRITE] RefMem[0x58] <= 0x2bdd9bc1
[SCOREBOARD PASS] Addr: 0x58 | Expected: 0x2bdd9bc1 | Actual: 0x2bdd9bc1
[SCOREBOARD WRITE] RefMem[0x96] <= 0xfd302ff9
[SCOREBOARD PASS] Addr: 0x96 | Expected: 0xfd302ff9 | Actual: 0xfd302ff9
[SCOREBOARD WRITE] RefMem[0x59] <= 0xf8ee4bde
[SCOREBOARD PASS] Addr: 0x59 | Expected: 0xf8ee4bde | Actual: 0xf8ee4bde
[SCOREBOARD WRITE] RefMem[0x51] <= 0x3e2f0a34
[SCOREBOARD PASS] Addr: 0x51 | Expected: 0x3e2f0a34 | Actual: 0x3e2f0a34
[SCOREBOARD PASS] Addr: 0x80 | Expected: 0x0 | Actual: 0x0
[SCOREBOARD WRITE] RefMem[0x81] <= 0xd7db062b
[SCOREBOARD PASS] Addr: 0x81 | Expected: 0xd7db062b | Actual: 0xd7db062b
[SCOREBOARD WRITE] RefMem[0xb4] <= 0x28dd4fc3
[SCOREBOARD PASS] Addr: 0xb4 | Expected: 0x28dd4fc3 | Actual: 0x28dd4fc3
[SCOREBOARD PASS] Addr: 0xf6 | Expected: 0x884b856f | Actual: 0x884b856f
[SCOREBOARD WRITE] RefMem[0x9d] <= 0x91694b82
[SCOREBOARD PASS] Addr: 0x9d | Expected: 0x91694b82 | Actual: 0x91694b82
[SCOREBOARD WRITE] RefMem[0x52] <= 0x397a9656
[SCOREBOARD PASS] Addr: 0x52 | Expected: 0x397a9656 | Actual: 0x397a9656
[SCOREBOARD WRITE] RefMem[0xff] <= 0xfdb792cd
[SCOREBOARD PASS] Addr: 0xff | Expected: 0xfdb792cd | Actual: 0xfdb792cd
[SCOREBOARD WRITE] RefMem[0x9e] <= 0x2478ffde
[SCOREBOARD PASS] Addr: 0x9e | Expected: 0x2478ffde | Actual: 0x2478ffde
[SCOREBOARD WRITE] RefMem[0xc2] <= 0xf1e2da4d
[SCOREBOARD PASS] Addr: 0xc2 | Expected: 0xf1e2da4d | Actual: 0xf1e2da4d
[SCOREBOARD WRITE] RefMem[0x99] <= 0x8b8247d8
[SCOREBOARD PASS] Addr: 0x99 | Expected: 0x8b8247d8 | Actual: 0x8b8247d8
[SCOREBOARD WRITE] RefMem[0x1a] <= 0xabdbf0a6
[SCOREBOARD PASS] Addr: 0x1a | Expected: 0xabdbf0a6 | Actual: 0xabdbf0a6
[SCOREBOARD WRITE] RefMem[0x4a] <= 0xcb5c7fed
[SCOREBOARD PASS] Addr: 0x4a | Expected: 0xcb5c7fed | Actual: 0xcb5c7fed
[SCOREBOARD PASS] Addr: 0x20 | Expected: 0x245eb1de | Actual: 0x245eb1de
[SCOREBOARD PASS] Addr: 0x51 | Expected: 0x3e2f0a34 | Actual: 0x3e2f0a34
[SCOREBOARD WRITE] RefMem[0xe0] <= 0xd0a5e250
[SCOREBOARD PASS] Addr: 0xe0 | Expected: 0xd0a5e250 | Actual: 0xd0a5e250
[SCOREBOARD WRITE] RefMem[0xb1] <= 0xe055c9bb
[SCOREBOARD PASS] Addr: 0xb1 | Expected: 0xe055c9bb | Actual: 0xe055c9bb
[SCOREBOARD WRITE] RefMem[0xb8] <= 0xc20f9bf8
[SCOREBOARD PASS] Addr: 0xb8 | Expected: 0xc20f9bf8 | Actual: 0xc20f9bf8
[SCOREBOARD WRITE] RefMem[0x78] <= 0xc7644dbd
[SCOREBOARD PASS] Addr: 0x78 | Expected: 0xc7644dbd | Actual: 0xc7644dbd
[SCOREBOARD WRITE] RefMem[0xca] <= 0xa3a3e62e
[SCOREBOARD PASS] Addr: 0xca | Expected: 0xa3a3e62e | Actual: 0xa3a3e62e
[SCOREBOARD WRITE] RefMem[0x5b] <= 0xae5d587d
[SCOREBOARD PASS] Addr: 0x5b | Expected: 0xae5d587d | Actual: 0xae5d587d
[SCOREBOARD WRITE] RefMem[0x29] <= 0x39a1bc57
[SCOREBOARD PASS] Addr: 0x29 | Expected: 0x39a1bc57 | Actual: 0x39a1bc57
[SCOREBOARD PASS] Addr: 0x18 | Expected: 0xe7e932b6 | Actual: 0xe7e932b6
[SCOREBOARD WRITE] RefMem[0x99] <= 0xc004a35c
[SCOREBOARD PASS] Addr: 0x99 | Expected: 0xc004a35c | Actual: 0xc004a35c
[SCOREBOARD WRITE] RefMem[0x88] <= 0xb8a49d98
[SCOREBOARD PASS] Addr: 0x88 | Expected: 0xb8a49d98 | Actual: 0xb8a49d98
[SCOREBOARD WRITE] RefMem[0x86] <= 0xd03a1865
[SCOREBOARD PASS] Addr: 0x86 | Expected: 0xd03a1865 | Actual: 0xd03a1865
[SCOREBOARD WRITE] RefMem[0xd8] <= 0x2d21f5f6
[SCOREBOARD PASS] Addr: 0xd8 | Expected: 0x2d21f5f6 | Actual: 0x2d21f5f6
[SCOREBOARD WRITE] RefMem[0xe6] <= 0xc1a0df1f
[SCOREBOARD PASS] Addr: 0xe6 | Expected: 0xc1a0df1f | Actual: 0xc1a0df1f
[SCOREBOARD WRITE] RefMem[0xbc] <= 0x159f4f5c
[SCOREBOARD PASS] Addr: 0xbc | Expected: 0x159f4f5c | Actual: 0x159f4f5c
[SCOREBOARD WRITE] RefMem[0x98] <= 0xdc431bd9
[SCOREBOARD PASS] Addr: 0x98 | Expected: 0xdc431bd9 | Actual: 0xdc431bd9
[SCOREBOARD WRITE] RefMem[0x6] <= 0xefc63b2c
[SCOREBOARD PASS] Addr: 0x6 | Expected: 0xefc63b2c | Actual: 0xefc63b2c
[SCOREBOARD WRITE] RefMem[0xbb] <= 0xbeae1c71
[SCOREBOARD PASS] Addr: 0xbb | Expected: 0xbeae1c71 | Actual: 0xbeae1c71
[SCOREBOARD WRITE] RefMem[0x2d] <= 0x3f2d66ef
[SCOREBOARD PASS] Addr: 0x2d | Expected: 0x3f2d66ef | Actual: 0x3f2d66ef
[SCOREBOARD WRITE] RefMem[0x0] <= 0x3dfa8bf0
[SCOREBOARD PASS] Addr: 0x0 | Expected: 0x3dfa8bf0 | Actual: 0x3dfa8bf0
[SCOREBOARD WRITE] RefMem[0x29] <= 0x96618ff6
[SCOREBOARD PASS] Addr: 0x29 | Expected: 0x96618ff6 | Actual: 0x96618ff6
[SCOREBOARD PASS] Addr: 0xb3 | Expected: 0x128d3483 | Actual: 0x128d3483
[SCOREBOARD WRITE] RefMem[0xa] <= 0xe3b027a
[SCOREBOARD PASS] Addr: 0xa | Expected: 0xe3b027a | Actual: 0xe3b027a
[SCOREBOARD PASS] Addr: 0x29 | Expected: 0x96618ff6 | Actual: 0x96618ff6
[SCOREBOARD PASS] Addr: 0x3e | Expected: 0xf1fc6802 | Actual: 0xf1fc6802
[SCOREBOARD WRITE] RefMem[0x75] <= 0x1d5e420b
[SCOREBOARD PASS] Addr: 0x75 | Expected: 0x1d5e420b | Actual: 0x1d5e420b
[SCOREBOARD WRITE] RefMem[0x5d] <= 0xa9bdb192
[SCOREBOARD PASS] Addr: 0x5d | Expected: 0xa9bdb192 | Actual: 0xa9bdb192
[SCOREBOARD WRITE] RefMem[0x21] <= 0x8ed10801
[SCOREBOARD PASS] Addr: 0x21 | Expected: 0x8ed10801 | Actual: 0x8ed10801
[SCOREBOARD WRITE] RefMem[0x9b] <= 0x8b058219
[SCOREBOARD PASS] Addr: 0x9b | Expected: 0x8b058219 | Actual: 0x8b058219
[SCOREBOARD PASS] Addr: 0x6 | Expected: 0xefc63b2c | Actual: 0xefc63b2c
[SCOREBOARD PASS] Addr: 0x2f | Expected: 0xa9e1415d | Actual: 0xa9e1415d
[SCOREBOARD PASS] Addr: 0x30 | Expected: 0x87035bdb | Actual: 0x87035bdb
[SCOREBOARD WRITE] RefMem[0x84] <= 0x25732634
[SCOREBOARD PASS] Addr: 0x84 | Expected: 0x25732634 | Actual: 0x25732634
[SCOREBOARD PASS] Addr: 0x6f | Expected: 0xd80cc392 | Actual: 0xd80cc392
[SCOREBOARD WRITE] RefMem[0xbc] <= 0xc8a16031
[SCOREBOARD PASS] Addr: 0xbc | Expected: 0xc8a16031 | Actual: 0xc8a16031
[SCOREBOARD WRITE] RefMem[0xf1] <= 0xdf0b6cd1
[SCOREBOARD PASS] Addr: 0xf1 | Expected: 0xdf0b6cd1 | Actual: 0xdf0b6cd1
[SCOREBOARD WRITE] RefMem[0xd4] <= 0xb4373bda
[SCOREBOARD PASS] Addr: 0xd4 | Expected: 0xb4373bda | Actual: 0xb4373bda
[SCOREBOARD WRITE] RefMem[0x37] <= 0x3a05eeb0
[SCOREBOARD PASS] Addr: 0x37 | Expected: 0x3a05eeb0 | Actual: 0x3a05eeb0
[SCOREBOARD WRITE] RefMem[0x28] <= 0x3339a79a
[SCOREBOARD PASS] Addr: 0x28 | Expected: 0x3339a79a | Actual: 0x3339a79a
[SCOREBOARD WRITE] RefMem[0xed] <= 0xd46a2770
[SCOREBOARD PASS] Addr: 0xed | Expected: 0xd46a2770 | Actual: 0xd46a2770
[SCOREBOARD WRITE] RefMem[0xd5] <= 0x8ef1bdc
[SCOREBOARD PASS] Addr: 0xd5 | Expected: 0x8ef1bdc | Actual: 0x8ef1bdc
[SCOREBOARD WRITE] RefMem[0xb4] <= 0x84f9c61d
[SCOREBOARD PASS] Addr: 0xb4 | Expected: 0x84f9c61d | Actual: 0x84f9c61d
[SCOREBOARD WRITE] RefMem[0x56] <= 0xe0780f6e
[SCOREBOARD PASS] Addr: 0x56 | Expected: 0xe0780f6e | Actual: 0xe0780f6e
[SCOREBOARD PASS] Addr: 0xc6 | Expected: 0x0 | Actual: 0x0
[SCOREBOARD WRITE] RefMem[0xce] <= 0x6c06f9f
[SCOREBOARD PASS] Addr: 0xce | Expected: 0x6c06f9f | Actual: 0x6c06f9f
[SCOREBOARD WRITE] RefMem[0xdb] <= 0x9902be86
[SCOREBOARD PASS] Addr: 0xdb | Expected: 0x9902be86 | Actual: 0x9902be86
[SCOREBOARD WRITE] RefMem[0x69] <= 0x234cec27
[SCOREBOARD PASS] Addr: 0x69 | Expected: 0x234cec27 | Actual: 0x234cec27
[SCOREBOARD WRITE] RefMem[0x9d] <= 0x31e9ad2d
[SCOREBOARD PASS] Addr: 0x9d | Expected: 0x31e9ad2d | Actual: 0x31e9ad2d
[SCOREBOARD WRITE] RefMem[0x7b] <= 0xdf60e627
[SCOREBOARD PASS] Addr: 0x7b | Expected: 0xdf60e627 | Actual: 0xdf60e627
[SCOREBOARD PASS] Addr: 0xac | Expected: 0x0 | Actual: 0x0
[SCOREBOARD WRITE] RefMem[0x81] <= 0xa75f20b1
[SCOREBOARD PASS] Addr: 0x81 | Expected: 0xa75f20b1 | Actual: 0xa75f20b1
[SCOREBOARD WRITE] RefMem[0x3] <= 0x3efd7e00
[SCOREBOARD PASS] Addr: 0x3 | Expected: 0x3efd7e00 | Actual: 0x3efd7e00
[SCOREBOARD WRITE] RefMem[0xf2] <= 0x1dfb8cb5
[SCOREBOARD PASS] Addr: 0xf2 | Expected: 0x1dfb8cb5 | Actual: 0x1dfb8cb5
[SCOREBOARD WRITE] RefMem[0x6] <= 0x36828bef
[SCOREBOARD PASS] Addr: 0x6 | Expected: 0x36828bef | Actual: 0x36828bef
[SCOREBOARD WRITE] RefMem[0x19] <= 0xc1ab4fc
[SCOREBOARD PASS] Addr: 0x19 | Expected: 0xc1ab4fc | Actual: 0xc1ab4fc
[SCOREBOARD WRITE] RefMem[0xbe] <= 0x9b7a5d69
[SCOREBOARD PASS] Addr: 0xbe | Expected: 0x9b7a5d69 | Actual: 0x9b7a5d69
[SCOREBOARD PASS] Addr: 0x75 | Expected: 0x1d5e420b | Actual: 0x1d5e420b
[SCOREBOARD PASS] Addr: 0xa2 | Expected: 0x85c3f9ad | Actual: 0x85c3f9ad
[SCOREBOARD WRITE] RefMem[0x50] <= 0xc902afc7
[SCOREBOARD PASS] Addr: 0x50 | Expected: 0xc902afc7 | Actual: 0xc902afc7
[SCOREBOARD WRITE] RefMem[0x4c] <= 0xd07a89c6
[SCOREBOARD PASS] Addr: 0x4c | Expected: 0xd07a89c6 | Actual: 0xd07a89c6
[SCOREBOARD WRITE] RefMem[0xf] <= 0xfc58b143
[SCOREBOARD PASS] Addr: 0xf | Expected: 0xfc58b143 | Actual: 0xfc58b143
[SCOREBOARD WRITE] RefMem[0x44] <= 0x198f614e
[SCOREBOARD PASS] Addr: 0x44 | Expected: 0x198f614e | Actual: 0x198f614e
[SCOREBOARD WRITE] RefMem[0x5e] <= 0x8037b83f
[SCOREBOARD PASS] Addr: 0x5e | Expected: 0x8037b83f | Actual: 0x8037b83f
[SCOREBOARD PASS] Addr: 0x96 | Expected: 0xfd302ff9 | Actual: 0xfd302ff9
[SCOREBOARD WRITE] RefMem[0xce] <= 0xda721d55
[SCOREBOARD PASS] Addr: 0xce | Expected: 0xda721d55 | Actual: 0xda721d55
[SCOREBOARD WRITE] RefMem[0x19] <= 0x9bd00625
[SCOREBOARD PASS] Addr: 0x19 | Expected: 0x9bd00625 | Actual: 0x9bd00625
[SCOREBOARD WRITE] RefMem[0xc1] <= 0xd938ef86
[SCOREBOARD PASS] Addr: 0xc1 | Expected: 0xd938ef86 | Actual: 0xd938ef86
[SCOREBOARD WRITE] RefMem[0xff] <= 0xfe8f8eee
[SCOREBOARD PASS] Addr: 0xff | Expected: 0xfe8f8eee | Actual: 0xfe8f8eee
[SCOREBOARD WRITE] RefMem[0xf1] <= 0x1a7bf8aa
[SCOREBOARD PASS] Addr: 0xf1 | Expected: 0x1a7bf8aa | Actual: 0x1a7bf8aa
[SCOREBOARD WRITE] RefMem[0x1e] <= 0x65e5ab0
[SCOREBOARD PASS] Addr: 0x1e | Expected: 0x65e5ab0 | Actual: 0x65e5ab0
[SCOREBOARD WRITE] RefMem[0x84] <= 0xd2e20c5f
[SCOREBOARD PASS] Addr: 0x84 | Expected: 0xd2e20c5f | Actual: 0xd2e20c5f
[SCOREBOARD WRITE] RefMem[0x2] <= 0xdf4d7f90
[SCOREBOARD PASS] Addr: 0x2 | Expected: 0xdf4d7f90 | Actual: 0xdf4d7f90
[SCOREBOARD WRITE] RefMem[0x3d] <= 0xe112ee72
[SCOREBOARD PASS] Addr: 0x3d | Expected: 0xe112ee72 | Actual: 0xe112ee72
[SCOREBOARD WRITE] RefMem[0xf6] <= 0x1533e831
[SCOREBOARD PASS] Addr: 0xf6 | Expected: 0x1533e831 | Actual: 0x1533e831
[SCOREBOARD WRITE] RefMem[0x11] <= 0x1f8d9242
[SCOREBOARD PASS] Addr: 0x11 | Expected: 0x1f8d9242 | Actual: 0x1f8d9242
[SCOREBOARD WRITE] RefMem[0x9] <= 0xfb408ff6
[SCOREBOARD PASS] Addr: 0x9 | Expected: 0xfb408ff6 | Actual: 0xfb408ff6
[SCOREBOARD WRITE] RefMem[0x76] <= 0xf0aa6c86
[SCOREBOARD PASS] Addr: 0x76 | Expected: 0xf0aa6c86 | Actual: 0xf0aa6c86
[SCOREBOARD PASS] Addr: 0x37 | Expected: 0x3a05eeb0 | Actual: 0x3a05eeb0
[SCOREBOARD PASS] Addr: 0x4b | Expected: 0xe7d2360f | Actual: 0xe7d2360f
[SCOREBOARD WRITE] RefMem[0x52] <= 0x1ee722b2
[SCOREBOARD PASS] Addr: 0x52 | Expected: 0x1ee722b2 | Actual: 0x1ee722b2
[SCOREBOARD WRITE] RefMem[0x7c] <= 0x1136a7a
[SCOREBOARD PASS] Addr: 0x7c | Expected: 0x1136a7a | Actual: 0x1136a7a
[SCOREBOARD PASS] Addr: 0xad | Expected: 0x0 | Actual: 0x0
[SCOREBOARD WRITE] RefMem[0x87] <= 0xcea9f5a7
[SCOREBOARD PASS] Addr: 0x87 | Expected: 0xcea9f5a7 | Actual: 0xcea9f5a7
[SCOREBOARD PASS] Addr: 0xf9 | Expected: 0x0 | Actual: 0x0
[SCOREBOARD WRITE] RefMem[0x60] <= 0x262fb84c
[SCOREBOARD PASS] Addr: 0x60 | Expected: 0x262fb84c | Actual: 0x262fb84c
[SCOREBOARD WRITE] RefMem[0x98] <= 0xb98e6897
[SCOREBOARD PASS] Addr: 0x98 | Expected: 0xb98e6897 | Actual: 0xb98e6897
[SCOREBOARD WRITE] RefMem[0x71] <= 0x3464f037
[SCOREBOARD PASS] Addr: 0x71 | Expected: 0x3464f037 | Actual: 0x3464f037
[SCOREBOARD WRITE] RefMem[0x39] <= 0xd78b6f6f
[SCOREBOARD PASS] Addr: 0x39 | Expected: 0xd78b6f6f | Actual: 0xd78b6f6f
[SCOREBOARD WRITE] RefMem[0xdd] <= 0xca0b2b24
[SCOREBOARD PASS] Addr: 0xdd | Expected: 0xca0b2b24 | Actual: 0xca0b2b24
[SCOREBOARD PASS] Addr: 0x8d | Expected: 0x0 | Actual: 0x0
[SCOREBOARD WRITE] RefMem[0xe2] <= 0x9fcec65f
[SCOREBOARD PASS] Addr: 0xe2 | Expected: 0x9fcec65f | Actual: 0x9fcec65f
[SCOREBOARD WRITE] RefMem[0xc] <= 0x50ba7c0
[SCOREBOARD PASS] Addr: 0xc | Expected: 0x50ba7c0 | Actual: 0x50ba7c0
[SCOREBOARD WRITE] RefMem[0x7f] <= 0xe6274310
[SCOREBOARD PASS] Addr: 0x7f | Expected: 0xe6274310 | Actual: 0xe6274310
[SCOREBOARD WRITE] RefMem[0x29] <= 0x8fe11472
[SCOREBOARD PASS] Addr: 0x29 | Expected: 0x8fe11472 | Actual: 0x8fe11472
[SCOREBOARD WRITE] RefMem[0x46] <= 0x3a22ba63
[SCOREBOARD PASS] Addr: 0x46 | Expected: 0x3a22ba63 | Actual: 0x3a22ba63
[SCOREBOARD WRITE] RefMem[0x42] <= 0x9767027b
[SCOREBOARD PASS] Addr: 0x42 | Expected: 0x9767027b | Actual: 0x9767027b
[SCOREBOARD PASS] Addr: 0x7f | Expected: 0xe6274310 | Actual: 0xe6274310
[SCOREBOARD WRITE] RefMem[0x81] <= 0xeb4f6185
[SCOREBOARD PASS] Addr: 0x81 | Expected: 0xeb4f6185 | Actual: 0xeb4f6185
[SCOREBOARD PASS] Addr: 0x6 | Expected: 0x36828bef | Actual: 0x36828bef
[SCOREBOARD WRITE] RefMem[0x1c] <= 0xb1e718c9
[SCOREBOARD PASS] Addr: 0x1c | Expected: 0xb1e718c9 | Actual: 0xb1e718c9
[SCOREBOARD WRITE] RefMem[0x5a] <= 0xaf0dd583
[SCOREBOARD PASS] Addr: 0x5a | Expected: 0xaf0dd583 | Actual: 0xaf0dd583
[SCOREBOARD WRITE] RefMem[0x5d] <= 0xe54c4fdd
[SCOREBOARD PASS] Addr: 0x5d | Expected: 0xe54c4fdd | Actual: 0xe54c4fdd
[SCOREBOARD WRITE] RefMem[0xfa] <= 0xc2748c35
[SCOREBOARD PASS] Addr: 0xfa | Expected: 0xc2748c35 | Actual: 0xc2748c35
[SCOREBOARD WRITE] RefMem[0xcb] <= 0x21798c6f
[SCOREBOARD PASS] Addr: 0xcb | Expected: 0x21798c6f | Actual: 0x21798c6f
[SCOREBOARD WRITE] RefMem[0xa4] <= 0xd6f190d1
[SCOREBOARD PASS] Addr: 0xa4 | Expected: 0xd6f190d1 | Actual: 0xd6f190d1
[SCOREBOARD WRITE] RefMem[0x49] <= 0xff4cb9d8
[SCOREBOARD PASS] Addr: 0x49 | Expected: 0xff4cb9d8 | Actual: 0xff4cb9d8
[SCOREBOARD WRITE] RefMem[0x48] <= 0xc080f2d2
[SCOREBOARD PASS] Addr: 0x48 | Expected: 0xc080f2d2 | Actual: 0xc080f2d2
[SCOREBOARD WRITE] RefMem[0xf0] <= 0x8ae87fdf
[SCOREBOARD PASS] Addr: 0xf0 | Expected: 0x8ae87fdf | Actual: 0x8ae87fdf
[SCOREBOARD WRITE] RefMem[0x96] <= 0xf00ada93
[SCOREBOARD PASS] Addr: 0x96 | Expected: 0xf00ada93 | Actual: 0xf00ada93
[SCOREBOARD WRITE] RefMem[0x4a] <= 0x2c4a7537
[SCOREBOARD PASS] Addr: 0x4a | Expected: 0x2c4a7537 | Actual: 0x2c4a7537
[SCOREBOARD PASS] Addr: 0xb7 | Expected: 0x0 | Actual: 0x0
[SCOREBOARD WRITE] RefMem[0xf7] <= 0x17b6e88c
[SCOREBOARD PASS] Addr: 0xf7 | Expected: 0x17b6e88c | Actual: 0x17b6e88c
[SCOREBOARD WRITE] RefMem[0xd6] <= 0x3c4e5851
[SCOREBOARD PASS] Addr: 0xd6 | Expected: 0x3c4e5851 | Actual: 0x3c4e5851
[SCOREBOARD WRITE] RefMem[0x78] <= 0xd7627509
[SCOREBOARD PASS] Addr: 0x78 | Expected: 0xd7627509 | Actual: 0xd7627509
[SCOREBOARD WRITE] RefMem[0x2c] <= 0xc03e872b
[SCOREBOARD PASS] Addr: 0x2c | Expected: 0xc03e872b | Actual: 0xc03e872b
[SCOREBOARD WRITE] RefMem[0x1a] <= 0x18069fe2
[SCOREBOARD PASS] Addr: 0x1a | Expected: 0x18069fe2 | Actual: 0x18069fe2
[SCOREBOARD WRITE] RefMem[0xe4] <= 0x9f2be208
[SCOREBOARD PASS] Addr: 0xe4 | Expected: 0x9f2be208 | Actual: 0x9f2be208
[SCOREBOARD WRITE] RefMem[0x60] <= 0xee0a74f6
[SCOREBOARD PASS] Addr: 0x60 | Expected: 0xee0a74f6 | Actual: 0xee0a74f6
[SCOREBOARD PASS] Addr: 0x9 | Expected: 0xfb408ff6 | Actual: 0xfb408ff6
[SCOREBOARD PASS] Addr: 0x25 | Expected: 0x0 | Actual: 0x0
[SCOREBOARD PASS] Addr: 0x70 | Expected: 0x9fbfbcd | Actual: 0x9fbfbcd
[SCOREBOARD WRITE] RefMem[0xa7] <= 0x35c18a6d
[SCOREBOARD PASS] Addr: 0xa7 | Expected: 0x35c18a6d | Actual: 0x35c18a6d
[SCOREBOARD WRITE] RefMem[0x65] <= 0xb29a8150
[SCOREBOARD PASS] Addr: 0x65 | Expected: 0xb29a8150 | Actual: 0xb29a8150
[SCOREBOARD WRITE] RefMem[0xb8] <= 0x2fc8a70
[SCOREBOARD PASS] Addr: 0xb8 | Expected: 0x2fc8a70 | Actual: 0x2fc8a70
[SCOREBOARD PASS] Addr: 0x4c | Expected: 0xd07a89c6 | Actual: 0xd07a89c6
[SCOREBOARD WRITE] RefMem[0xba] <= 0xd9c96ff6
[SCOREBOARD PASS] Addr: 0xba | Expected: 0xd9c96ff6 | Actual: 0xd9c96ff6
[SCOREBOARD WRITE] RefMem[0xdd] <= 0xca76e9ea
[SCOREBOARD PASS] Addr: 0xdd | Expected: 0xca76e9ea | Actual: 0xca76e9ea
[SCOREBOARD WRITE] RefMem[0xe] <= 0xd8f16ed9
[SCOREBOARD PASS] Addr: 0xe | Expected: 0xd8f16ed9 | Actual: 0xd8f16ed9
[SCOREBOARD WRITE] RefMem[0x76] <= 0x380bbd31
[SCOREBOARD PASS] Addr: 0x76 | Expected: 0x380bbd31 | Actual: 0x380bbd31
[SCOREBOARD WRITE] RefMem[0xf1] <= 0xd1fee6aa
[SCOREBOARD PASS] Addr: 0xf1 | Expected: 0xd1fee6aa | Actual: 0xd1fee6aa
[SCOREBOARD PASS] Addr: 0x41 | Expected: 0x0 | Actual: 0x0
[SCOREBOARD WRITE] RefMem[0x32] <= 0x8b3bd239
[SCOREBOARD PASS] Addr: 0x32 | Expected: 0x8b3bd239 | Actual: 0x8b3bd239
[SCOREBOARD PASS] Addr: 0xca | Expected: 0xa3a3e62e | Actual: 0xa3a3e62e
[SCOREBOARD WRITE] RefMem[0xc9] <= 0xf1a645f0
[SCOREBOARD PASS] Addr: 0xc9 | Expected: 0xf1a645f0 | Actual: 0xf1a645f0
[SCOREBOARD WRITE] RefMem[0x1f] <= 0xc82b0f7e
[SCOREBOARD PASS] Addr: 0x1f | Expected: 0xc82b0f7e | Actual: 0xc82b0f7e
[SCOREBOARD PASS] Addr: 0x1c | Expected: 0xb1e718c9 | Actual: 0xb1e718c9
[SCOREBOARD WRITE] RefMem[0x75] <= 0xbfa8b4bf
[SCOREBOARD PASS] Addr: 0x75 | Expected: 0xbfa8b4bf | Actual: 0xbfa8b4bf
[SCOREBOARD WRITE] RefMem[0x55] <= 0xcc4c1b62
[SCOREBOARD PASS] Addr: 0x55 | Expected: 0xcc4c1b62 | Actual: 0xcc4c1b62
[SCOREBOARD PASS] Addr: 0x8 | Expected: 0x32c5b3fd | Actual: 0x32c5b3fd
[SCOREBOARD PASS] Addr: 0xf6 | Expected: 0x1533e831 | Actual: 0x1533e831
[SCOREBOARD PASS] Addr: 0xf | Expected: 0xfc58b143 | Actual: 0xfc58b143
[SCOREBOARD WRITE] RefMem[0xfe] <= 0xcd767778
[SCOREBOARD PASS] Addr: 0xfe | Expected: 0xcd767778 | Actual: 0xcd767778
[SCOREBOARD WRITE] RefMem[0x6a] <= 0x13be648f
[SCOREBOARD PASS] Addr: 0x6a | Expected: 0x13be648f | Actual: 0x13be648f
[SCOREBOARD WRITE] RefMem[0x7f] <= 0x983b98d3
[SCOREBOARD PASS] Addr: 0x7f | Expected: 0x983b98d3 | Actual: 0x983b98d3
[SCOREBOARD WRITE] RefMem[0x2e] <= 0xf0c3a92d
[SCOREBOARD PASS] Addr: 0x2e | Expected: 0xf0c3a92d | Actual: 0xf0c3a92d
[SCOREBOARD PASS] Addr: 0x0 | Expected: 0x3dfa8bf0 | Actual: 0x3dfa8bf0
[SCOREBOARD WRITE] RefMem[0x6e] <= 0x888fe1ce
[SCOREBOARD PASS] Addr: 0x6e | Expected: 0x888fe1ce | Actual: 0x888fe1ce
[SCOREBOARD WRITE] RefMem[0x3d] <= 0xefda57c8
[SCOREBOARD PASS] Addr: 0x3d | Expected: 0xefda57c8 | Actual: 0xefda57c8
[SCOREBOARD WRITE] RefMem[0x11] <= 0x1f001de9
[SCOREBOARD PASS] Addr: 0x11 | Expected: 0x1f001de9 | Actual: 0x1f001de9
[SCOREBOARD WRITE] RefMem[0x2f] <= 0xb1bdc592
[SCOREBOARD PASS] Addr: 0x2f | Expected: 0xb1bdc592 | Actual: 0xb1bdc592
[SCOREBOARD WRITE] RefMem[0xac] <= 0xb9f8ce8b
[SCOREBOARD PASS] Addr: 0xac | Expected: 0xb9f8ce8b | Actual: 0xb9f8ce8b
[SCOREBOARD WRITE] RefMem[0x53] <= 0xe9cc5cd7
[SCOREBOARD PASS] Addr: 0x53 | Expected: 0xe9cc5cd7 | Actual: 0xe9cc5cd7
[SCOREBOARD PASS] Addr: 0x45 | Expected: 0x0 | Actual: 0x0
[SCOREBOARD WRITE] RefMem[0x9e] <= 0x379695a3
[SCOREBOARD PASS] Addr: 0x9e | Expected: 0x379695a3 | Actual: 0x379695a3
[SCOREBOARD WRITE] RefMem[0x8d] <= 0xeb4f8c53
[SCOREBOARD PASS] Addr: 0x8d | Expected: 0xeb4f8c53 | Actual: 0xeb4f8c53
[SCOREBOARD WRITE] RefMem[0x7] <= 0x32393d1b
[SCOREBOARD PASS] Addr: 0x7 | Expected: 0x32393d1b | Actual: 0x32393d1b
[SCOREBOARD WRITE] RefMem[0x5a] <= 0x8c59b6ab
[SCOREBOARD PASS] Addr: 0x5a | Expected: 0x8c59b6ab | Actual: 0x8c59b6ab
[SCOREBOARD PASS] Addr: 0x2d | Expected: 0x3f2d66ef | Actual: 0x3f2d66ef
[SCOREBOARD WRITE] RefMem[0x9d] <= 0xcaea7450
[SCOREBOARD PASS] Addr: 0x9d | Expected: 0xcaea7450 | Actual: 0xcaea7450
[SCOREBOARD PASS] Addr: 0xa2 | Expected: 0x85c3f9ad | Actual: 0x85c3f9ad
[SCOREBOARD WRITE] RefMem[0xe8] <= 0x918fe2b7
[SCOREBOARD PASS] Addr: 0xe8 | Expected: 0x918fe2b7 | Actual: 0x918fe2b7
[SCOREBOARD WRITE] RefMem[0xf6] <= 0xc5c8d712
[SCOREBOARD PASS] Addr: 0xf6 | Expected: 0xc5c8d712 | Actual: 0xc5c8d712
[SCOREBOARD WRITE] RefMem[0xb4] <= 0x4bd46fe
[SCOREBOARD PASS] Addr: 0xb4 | Expected: 0x4bd46fe | Actual: 0x4bd46fe
[SCOREBOARD WRITE] RefMem[0x55] <= 0xad170343
[SCOREBOARD PASS] Addr: 0x55 | Expected: 0xad170343 | Actual: 0xad170343
[SCOREBOARD PASS] Addr: 0x31 | Expected: 0x0 | Actual: 0x0
[SCOREBOARD WRITE] RefMem[0x17] <= 0x1e80d1b4
[SCOREBOARD PASS] Addr: 0x17 | Expected: 0x1e80d1b4 | Actual: 0x1e80d1b4
[SCOREBOARD PASS] Addr: 0xe6 | Expected: 0xc1a0df1f | Actual: 0xc1a0df1f
[SCOREBOARD PASS] Addr: 0x49 | Expected: 0xff4cb9d8 | Actual: 0xff4cb9d8
[SCOREBOARD WRITE] RefMem[0x7a] <= 0xd16a7eb6
[SCOREBOARD PASS] Addr: 0x7a | Expected: 0xd16a7eb6 | Actual: 0xd16a7eb6
[SCOREBOARD WRITE] RefMem[0x44] <= 0x323aedd7
[SCOREBOARD PASS] Addr: 0x44 | Expected: 0x323aedd7 | Actual: 0x323aedd7
[SCOREBOARD PASS] Addr: 0x88 | Expected: 0xb8a49d98 | Actual: 0xb8a49d98
[SCOREBOARD WRITE] RefMem[0x99] <= 0xf2d6ec09
[SCOREBOARD PASS] Addr: 0x99 | Expected: 0xf2d6ec09 | Actual: 0xf2d6ec09
[SCOREBOARD WRITE] RefMem[0x54] <= 0xdd52d25b
[SCOREBOARD PASS] Addr: 0x54 | Expected: 0xdd52d25b | Actual: 0xdd52d25b
[SCOREBOARD WRITE] RefMem[0x3c] <= 0xb3ef448
[SCOREBOARD PASS] Addr: 0x3c | Expected: 0xb3ef448 | Actual: 0xb3ef448
[SCOREBOARD WRITE] RefMem[0x45] <= 0xd2e253
[SCOREBOARD PASS] Addr: 0x45 | Expected: 0xd2e253 | Actual: 0xd2e253
[SCOREBOARD WRITE] RefMem[0x7e] <= 0x97c3464f
[SCOREBOARD PASS] Addr: 0x7e | Expected: 0x97c3464f | Actual: 0x97c3464f
[SCOREBOARD WRITE] RefMem[0xd8] <= 0xe2a8a408
[SCOREBOARD PASS] Addr: 0xd8 | Expected: 0xe2a8a408 | Actual: 0xe2a8a408
[SCOREBOARD WRITE] RefMem[0x67] <= 0x90d72166
[SCOREBOARD PASS] Addr: 0x67 | Expected: 0x90d72166 | Actual: 0x90d72166
[SCOREBOARD WRITE] RefMem[0xe7] <= 0xd5f6fb6c
[SCOREBOARD PASS] Addr: 0xe7 | Expected: 0xd5f6fb6c | Actual: 0xd5f6fb6c
[SCOREBOARD WRITE] RefMem[0x33] <= 0xee245011
[SCOREBOARD PASS] Addr: 0x33 | Expected: 0xee245011 | Actual: 0xee245011
[SCOREBOARD WRITE] RefMem[0x8c] <= 0xfea2d3ad
[SCOREBOARD PASS] Addr: 0x8c | Expected: 0xfea2d3ad | Actual: 0xfea2d3ad
[SCOREBOARD WRITE] RefMem[0x68] <= 0x222004
[SCOREBOARD PASS] Addr: 0x68 | Expected: 0x222004 | Actual: 0x222004
[SCOREBOARD WRITE] RefMem[0x1e] <= 0xbcbaec50
[SCOREBOARD PASS] Addr: 0x1e | Expected: 0xbcbaec50 | Actual: 0xbcbaec50
[SCOREBOARD WRITE] RefMem[0xe3] <= 0x97cbc85b
[SCOREBOARD PASS] Addr: 0xe3 | Expected: 0x97cbc85b | Actual: 0x97cbc85b
[SCOREBOARD PASS] Addr: 0x6d | Expected: 0x3874a9c6 | Actual: 0x3874a9c6
[SCOREBOARD WRITE] RefMem[0x65] <= 0xe3acacf1
[SCOREBOARD PASS] Addr: 0x65 | Expected: 0xe3acacf1 | Actual: 0xe3acacf1
[SCOREBOARD WRITE] RefMem[0x14] <= 0xcd0216d8
[SCOREBOARD PASS] Addr: 0x14 | Expected: 0xcd0216d8 | Actual: 0xcd0216d8
[SCOREBOARD WRITE] RefMem[0x6e] <= 0xe7b2c04f
[SCOREBOARD PASS] Addr: 0x6e | Expected: 0xe7b2c04f | Actual: 0xe7b2c04f
[SCOREBOARD WRITE] RefMem[0xd1] <= 0xe120dcb7
[SCOREBOARD PASS] Addr: 0xd1 | Expected: 0xe120dcb7 | Actual: 0xe120dcb7
[SCOREBOARD PASS] Addr: 0x20 | Expected: 0x245eb1de | Actual: 0x245eb1de
[SCOREBOARD PASS] Addr: 0xd9 | Expected: 0x0 | Actual: 0x0
[SCOREBOARD PASS] Addr: 0x68 | Expected: 0x222004 | Actual: 0x222004
[SCOREBOARD PASS] Addr: 0x37 | Expected: 0x3a05eeb0 | Actual: 0x3a05eeb0
[SCOREBOARD WRITE] RefMem[0x60] <= 0xf1252227
[SCOREBOARD PASS] Addr: 0x60 | Expected: 0xf1252227 | Actual: 0xf1252227
[SCOREBOARD WRITE] RefMem[0xa2] <= 0xcfa4e6bb
[SCOREBOARD PASS] Addr: 0xa2 | Expected: 0xcfa4e6bb | Actual: 0xcfa4e6bb
[SCOREBOARD PASS] Addr: 0xfe | Expected: 0xcd767778 | Actual: 0xcd767778
[SCOREBOARD WRITE] RefMem[0x19] <= 0xd7a00b8e
[SCOREBOARD PASS] Addr: 0x19 | Expected: 0xd7a00b8e | Actual: 0xd7a00b8e
[SCOREBOARD WRITE] RefMem[0x9e] <= 0xf841fc4
[SCOREBOARD PASS] Addr: 0x9e | Expected: 0xf841fc4 | Actual: 0xf841fc4
[SCOREBOARD WRITE] RefMem[0x71] <= 0xf9d40271
[SCOREBOARD PASS] Addr: 0x71 | Expected: 0xf9d40271 | Actual: 0xf9d40271
[SCOREBOARD WRITE] RefMem[0xfe] <= 0xd001b2a7
[SCOREBOARD PASS] Addr: 0xfe | Expected: 0xd001b2a7 | Actual: 0xd001b2a7
[SCOREBOARD WRITE] RefMem[0x5b] <= 0xda69743f
[SCOREBOARD PASS] Addr: 0x5b | Expected: 0xda69743f | Actual: 0xda69743f
[SCOREBOARD WRITE] RefMem[0x67] <= 0x9b79215c
[SCOREBOARD PASS] Addr: 0x67 | Expected: 0x9b79215c | Actual: 0x9b79215c
[SCOREBOARD WRITE] RefMem[0x9d] <= 0xb713a3ed
[SCOREBOARD PASS] Addr: 0x9d | Expected: 0xb713a3ed | Actual: 0xb713a3ed
[SCOREBOARD WRITE] RefMem[0x78] <= 0x98864054
[SCOREBOARD PASS] Addr: 0x78 | Expected: 0x98864054 | Actual: 0x98864054
[SCOREBOARD WRITE] RefMem[0xc2] <= 0xd1f1a3a6
[SCOREBOARD PASS] Addr: 0xc2 | Expected: 0xd1f1a3a6 | Actual: 0xd1f1a3a6
[SCOREBOARD WRITE] RefMem[0x2f] <= 0x8332e340
[SCOREBOARD PASS] Addr: 0x2f | Expected: 0x8332e340 | Actual: 0x8332e340
[SCOREBOARD WRITE] RefMem[0x3a] <= 0xc7113d32
[SCOREBOARD PASS] Addr: 0x3a | Expected: 0xc7113d32 | Actual: 0xc7113d32
[SCOREBOARD WRITE] RefMem[0xf1] <= 0x14c7e01a
[SCOREBOARD PASS] Addr: 0xf1 | Expected: 0x14c7e01a | Actual: 0x14c7e01a
[SCOREBOARD WRITE] RefMem[0x90] <= 0xe20829c7
[SCOREBOARD PASS] Addr: 0x90 | Expected: 0xe20829c7 | Actual: 0xe20829c7
[SCOREBOARD WRITE] RefMem[0x87] <= 0xf96e6925
[SCOREBOARD PASS] Addr: 0x87 | Expected: 0xf96e6925 | Actual: 0xf96e6925
[SCOREBOARD WRITE] RefMem[0xc] <= 0xb4dbff1a
[SCOREBOARD PASS] Addr: 0xc | Expected: 0xb4dbff1a | Actual: 0xb4dbff1a
[SCOREBOARD WRITE] RefMem[0x1] <= 0x37b82346
[SCOREBOARD PASS] Addr: 0x1 | Expected: 0x37b82346 | Actual: 0x37b82346
[SCOREBOARD WRITE] RefMem[0xea] <= 0x46c2fec
[SCOREBOARD PASS] Addr: 0xea | Expected: 0x46c2fec | Actual: 0x46c2fec
[SCOREBOARD WRITE] RefMem[0x59] <= 0xfadeea0f
[SCOREBOARD PASS] Addr: 0x59 | Expected: 0xfadeea0f | Actual: 0xfadeea0f
[SCOREBOARD WRITE] RefMem[0x64] <= 0xb4fe04e1
[SCOREBOARD PASS] Addr: 0x64 | Expected: 0xb4fe04e1 | Actual: 0xb4fe04e1
[SCOREBOARD WRITE] RefMem[0x96] <= 0xd97477ea
[SCOREBOARD PASS] Addr: 0x96 | Expected: 0xd97477ea | Actual: 0xd97477ea
[SCOREBOARD PASS] Addr: 0x59 | Expected: 0xfadeea0f | Actual: 0xfadeea0f
[SCOREBOARD WRITE] RefMem[0x63] <= 0xd91f7be7
[SCOREBOARD PASS] Addr: 0x63 | Expected: 0xd91f7be7 | Actual: 0xd91f7be7
[SCOREBOARD WRITE] RefMem[0x80] <= 0xcfe891e1
[SCOREBOARD PASS] Addr: 0x80 | Expected: 0xcfe891e1 | Actual: 0xcfe891e1
[SCOREBOARD WRITE] RefMem[0x51] <= 0x1b998df1
[SCOREBOARD PASS] Addr: 0x51 | Expected: 0x1b998df1 | Actual: 0x1b998df1
[SCOREBOARD WRITE] RefMem[0xab] <= 0xcc6165c5
[SCOREBOARD PASS] Addr: 0xab | Expected: 0xcc6165c5 | Actual: 0xcc6165c5
[SCOREBOARD WRITE] RefMem[0x7b] <= 0x80520dd7
[SCOREBOARD PASS] Addr: 0x7b | Expected: 0x80520dd7 | Actual: 0x80520dd7
[SCOREBOARD PASS] Addr: 0x2d | Expected: 0x3f2d66ef | Actual: 0x3f2d66ef
[SCOREBOARD PASS] Addr: 0x87 | Expected: 0xf96e6925 | Actual: 0xf96e6925
[SCOREBOARD PASS] Addr: 0xf5 | Expected: 0xfb3cd533 | Actual: 0xfb3cd533
[SCOREBOARD PASS] Addr: 0x74 | Expected: 0xea42add5 | Actual: 0xea42add5
[SCOREBOARD WRITE] RefMem[0x1f] <= 0xa1b2993a
[SCOREBOARD PASS] Addr: 0x1f | Expected: 0xa1b2993a | Actual: 0xa1b2993a
[SCOREBOARD WRITE] RefMem[0xed] <= 0xf121927c
[SCOREBOARD PASS] Addr: 0xed | Expected: 0xf121927c | Actual: 0xf121927c
[SCOREBOARD PASS] Addr: 0xf4 | Expected: 0x0 | Actual: 0x0
[SCOREBOARD PASS] Addr: 0xac | Expected: 0xb9f8ce8b | Actual: 0xb9f8ce8b
[SCOREBOARD WRITE] RefMem[0xc6] <= 0xa7b727d8
[SCOREBOARD PASS] Addr: 0xc6 | Expected: 0xa7b727d8 | Actual: 0xa7b727d8
[SCOREBOARD WRITE] RefMem[0xea] <= 0x14df6f4c
[SCOREBOARD PASS] Addr: 0xea | Expected: 0x14df6f4c | Actual: 0x14df6f4c
[SCOREBOARD WRITE] RefMem[0x9e] <= 0x974e920
[SCOREBOARD PASS] Addr: 0x9e | Expected: 0x974e920 | Actual: 0x974e920
[SCOREBOARD WRITE] RefMem[0x4b] <= 0x2c38d4d1
[SCOREBOARD PASS] Addr: 0x4b | Expected: 0x2c38d4d1 | Actual: 0x2c38d4d1
[SCOREBOARD WRITE] RefMem[0x3a] <= 0xdea6bd91
[SCOREBOARD PASS] Addr: 0x3a | Expected: 0xdea6bd91 | Actual: 0xdea6bd91
[SCOREBOARD PASS] Addr: 0x3f | Expected: 0x0 | Actual: 0x0
[SCOREBOARD WRITE] RefMem[0x6e] <= 0xccbdebf8
[SCOREBOARD PASS] Addr: 0x6e | Expected: 0xccbdebf8 | Actual: 0xccbdebf8
[SCOREBOARD WRITE] RefMem[0xbb] <= 0xe5ff6352
[SCOREBOARD PASS] Addr: 0xbb | Expected: 0xe5ff6352 | Actual: 0xe5ff6352
[SCOREBOARD PASS] Addr: 0x4c | Expected: 0xd07a89c6 | Actual: 0xd07a89c6
[SCOREBOARD PASS] Addr: 0x77 | Expected: 0x0 | Actual: 0x0
[SCOREBOARD WRITE] RefMem[0xa3] <= 0x1ed51b2f
[SCOREBOARD PASS] Addr: 0xa3 | Expected: 0x1ed51b2f | Actual: 0x1ed51b2f
[SCOREBOARD WRITE] RefMem[0xc2] <= 0xea00e68f
[SCOREBOARD PASS] Addr: 0xc2 | Expected: 0xea00e68f | Actual: 0xea00e68f
[SCOREBOARD WRITE] RefMem[0x19] <= 0x1e7a1fb7
[SCOREBOARD PASS] Addr: 0x19 | Expected: 0x1e7a1fb7 | Actual: 0x1e7a1fb7
[SCOREBOARD WRITE] RefMem[0x24] <= 0xb8101e74
[SCOREBOARD PASS] Addr: 0x24 | Expected: 0xb8101e74 | Actual: 0xb8101e74
[SCOREBOARD WRITE] RefMem[0x54] <= 0xcb155a64
[SCOREBOARD PASS] Addr: 0x54 | Expected: 0xcb155a64 | Actual: 0xcb155a64
[SCOREBOARD PASS] Addr: 0xf8 | Expected: 0xd58033c7 | Actual: 0xd58033c7
[SCOREBOARD WRITE] RefMem[0x22] <= 0x1545a31a
[SCOREBOARD PASS] Addr: 0x22 | Expected: 0x1545a31a | Actual: 0x1545a31a
[SCOREBOARD WRITE] RefMem[0xa7] <= 0xa43283b4
[SCOREBOARD PASS] Addr: 0xa7 | Expected: 0xa43283b4 | Actual: 0xa43283b4
[SCOREBOARD WRITE] RefMem[0x4d] <= 0xf2a131cb
[SCOREBOARD PASS] Addr: 0x4d | Expected: 0xf2a131cb | Actual: 0xf2a131cb
[SCOREBOARD WRITE] RefMem[0xfb] <= 0xe0f3eb7f
[SCOREBOARD PASS] Addr: 0xfb | Expected: 0xe0f3eb7f | Actual: 0xe0f3eb7f
[SCOREBOARD WRITE] RefMem[0x34] <= 0xdd1aa1ed
[SCOREBOARD PASS] Addr: 0x34 | Expected: 0xdd1aa1ed | Actual: 0xdd1aa1ed
[SCOREBOARD WRITE] RefMem[0x9] <= 0xb028dd85
[SCOREBOARD PASS] Addr: 0x9 | Expected: 0xb028dd85 | Actual: 0xb028dd85
[SCOREBOARD WRITE] RefMem[0x5e] <= 0x93aaf89c
[SCOREBOARD PASS] Addr: 0x5e | Expected: 0x93aaf89c | Actual: 0x93aaf89c
[SCOREBOARD WRITE] RefMem[0xbf] <= 0xdf21876c
[SCOREBOARD PASS] Addr: 0xbf | Expected: 0xdf21876c | Actual: 0xdf21876c
[SCOREBOARD PASS] Addr: 0x35 | Expected: 0x0 | Actual: 0x0
[SCOREBOARD WRITE] RefMem[0xe] <= 0x224280da
[SCOREBOARD PASS] Addr: 0xe | Expected: 0x224280da | Actual: 0x224280da
[SCOREBOARD WRITE] RefMem[0x70] <= 0x368c370d
[SCOREBOARD PASS] Addr: 0x70 | Expected: 0x368c370d | Actual: 0x368c370d
[SCOREBOARD PASS] Addr: 0x27 | Expected: 0x0 | Actual: 0x0
[SCOREBOARD WRITE] RefMem[0xe] <= 0x9a32c10e
[SCOREBOARD PASS] Addr: 0xe | Expected: 0x9a32c10e | Actual: 0x9a32c10e
[SCOREBOARD WRITE] RefMem[0xef] <= 0xb03ed025
[SCOREBOARD PASS] Addr: 0xef | Expected: 0xb03ed025 | Actual: 0xb03ed025
[SCOREBOARD WRITE] RefMem[0x5d] <= 0xc89d2de0
[SCOREBOARD PASS] Addr: 0x5d | Expected: 0xc89d2de0 | Actual: 0xc89d2de0
[SCOREBOARD WRITE] RefMem[0x79] <= 0x8404450f
[SCOREBOARD PASS] Addr: 0x79 | Expected: 0x8404450f | Actual: 0x8404450f
[SCOREBOARD WRITE] RefMem[0xc4] <= 0x23ebeb16
[SCOREBOARD PASS] Addr: 0xc4 | Expected: 0x23ebeb16 | Actual: 0x23ebeb16
[SCOREBOARD WRITE] RefMem[0x4b] <= 0xdad7dd69
[SCOREBOARD PASS] Addr: 0x4b | Expected: 0xdad7dd69 | Actual: 0xdad7dd69
[SCOREBOARD WRITE] RefMem[0xfc] <= 0xfb2fdb3e
[SCOREBOARD PASS] Addr: 0xfc | Expected: 0xfb2fdb3e | Actual: 0xfb2fdb3e
[SCOREBOARD WRITE] RefMem[0xf6] <= 0x9f9f65f9
[SCOREBOARD PASS] Addr: 0xf6 | Expected: 0x9f9f65f9 | Actual: 0x9f9f65f9
[SCOREBOARD WRITE] RefMem[0x99] <= 0xfa908da3
[SCOREBOARD PASS] Addr: 0x99 | Expected: 0xfa908da3 | Actual: 0xfa908da3
[SCOREBOARD WRITE] RefMem[0xbb] <= 0xc15887ef
[SCOREBOARD PASS] Addr: 0xbb | Expected: 0xc15887ef | Actual: 0xc15887ef
[SCOREBOARD PASS] Addr: 0x69 | Expected: 0x234cec27 | Actual: 0x234cec27
[SCOREBOARD WRITE] RefMem[0x42] <= 0x1b2863de
[SCOREBOARD PASS] Addr: 0x42 | Expected: 0x1b2863de | Actual: 0x1b2863de
[SCOREBOARD WRITE] RefMem[0x4b] <= 0xf7efff29
[SCOREBOARD PASS] Addr: 0x4b | Expected: 0xf7efff29 | Actual: 0xf7efff29
[SCOREBOARD WRITE] RefMem[0x35] <= 0xaa5841d2
[SCOREBOARD PASS] Addr: 0x35 | Expected: 0xaa5841d2 | Actual: 0xaa5841d2
[SCOREBOARD WRITE] RefMem[0xa2] <= 0xa9949fa7
[SCOREBOARD PASS] Addr: 0xa2 | Expected: 0xa9949fa7 | Actual: 0xa9949fa7
[SCOREBOARD WRITE] RefMem[0x27] <= 0xd93a8826
[SCOREBOARD PASS] Addr: 0x27 | Expected: 0xd93a8826 | Actual: 0xd93a8826
[SCOREBOARD WRITE] RefMem[0x3a] <= 0xc3a22331
[SCOREBOARD PASS] Addr: 0x3a | Expected: 0xc3a22331 | Actual: 0xc3a22331
[SCOREBOARD WRITE] RefMem[0xe2] <= 0xaaea654f
[SCOREBOARD PASS] Addr: 0xe2 | Expected: 0xaaea654f | Actual: 0xaaea654f
[SCOREBOARD PASS] Addr: 0x8c | Expected: 0xfea2d3ad | Actual: 0xfea2d3ad
[SCOREBOARD WRITE] RefMem[0x80] <= 0x3e4af93f
[SCOREBOARD PASS] Addr: 0x80 | Expected: 0x3e4af93f | Actual: 0x3e4af93f
[SCOREBOARD WRITE] RefMem[0xd5] <= 0x4f82d42
[SCOREBOARD PASS] Addr: 0xd5 | Expected: 0x4f82d42 | Actual: 0x4f82d42
[SCOREBOARD WRITE] RefMem[0xa3] <= 0x2adff565
[SCOREBOARD PASS] Addr: 0xa3 | Expected: 0x2adff565 | Actual: 0x2adff565
[SCOREBOARD WRITE] RefMem[0xbb] <= 0x3a4ba677
[SCOREBOARD PASS] Addr: 0xbb | Expected: 0x3a4ba677 | Actual: 0x3a4ba677
[SCOREBOARD WRITE] RefMem[0x85] <= 0xc7747a44
[SCOREBOARD PASS] Addr: 0x85 | Expected: 0xc7747a44 | Actual: 0xc7747a44
[SCOREBOARD WRITE] RefMem[0x4a] <= 0x30de3893
[SCOREBOARD PASS] Addr: 0x4a | Expected: 0x30de3893 | Actual: 0x30de3893
[SCOREBOARD PASS] Addr: 0x6f | Expected: 0xd80cc392 | Actual: 0xd80cc392
[SCOREBOARD WRITE] RefMem[0xfa] <= 0xc4cebebf
[SCOREBOARD PASS] Addr: 0xfa | Expected: 0xc4cebebf | Actual: 0xc4cebebf
[SCOREBOARD WRITE] RefMem[0x18] <= 0xe6136dc9
[SCOREBOARD PASS] Addr: 0x18 | Expected: 0xe6136dc9 | Actual: 0xe6136dc9
[SCOREBOARD WRITE] RefMem[0x6] <= 0xe63485b2
[SCOREBOARD PASS] Addr: 0x6 | Expected: 0xe63485b2 | Actual: 0xe63485b2
[SCOREBOARD WRITE] RefMem[0xbf] <= 0xc7daf543
[SCOREBOARD PASS] Addr: 0xbf | Expected: 0xc7daf543 | Actual: 0xc7daf543
[SCOREBOARD WRITE] RefMem[0x57] <= 0xd6ea7120
[SCOREBOARD PASS] Addr: 0x57 | Expected: 0xd6ea7120 | Actual: 0xd6ea7120
[SCOREBOARD WRITE] RefMem[0xd3] <= 0xe7a52c52
[SCOREBOARD PASS] Addr: 0xd3 | Expected: 0xe7a52c52 | Actual: 0xe7a52c52
[SCOREBOARD WRITE] RefMem[0x5a] <= 0xd0cb8219
[SCOREBOARD PASS] Addr: 0x5a | Expected: 0xd0cb8219 | Actual: 0xd0cb8219
[SCOREBOARD WRITE] RefMem[0x1d] <= 0xe8223c2a
[SCOREBOARD PASS] Addr: 0x1d | Expected: 0xe8223c2a | Actual: 0xe8223c2a
[SCOREBOARD WRITE] RefMem[0x2c] <= 0xa27ddea6
[SCOREBOARD PASS] Addr: 0x2c | Expected: 0xa27ddea6 | Actual: 0xa27ddea6
[SCOREBOARD WRITE] RefMem[0xc3] <= 0xe4d4eaeb
[SCOREBOARD PASS] Addr: 0xc3 | Expected: 0xe4d4eaeb | Actual: 0xe4d4eaeb
[SCOREBOARD WRITE] RefMem[0x1b] <= 0xe1cf37e7
[SCOREBOARD PASS] Addr: 0x1b | Expected: 0xe1cf37e7 | Actual: 0xe1cf37e7
[SCOREBOARD WRITE] RefMem[0x10] <= 0x950ecb92
[SCOREBOARD PASS] Addr: 0x10 | Expected: 0x950ecb92 | Actual: 0x950ecb92
[SCOREBOARD PASS] Addr: 0x64 | Expected: 0xb4fe04e1 | Actual: 0xb4fe04e1
[SCOREBOARD WRITE] RefMem[0x36] <= 0xd26a0dee
[SCOREBOARD PASS] Addr: 0x36 | Expected: 0xd26a0dee | Actual: 0xd26a0dee
[SCOREBOARD WRITE] RefMem[0x61] <= 0xcfaec8ea
[SCOREBOARD PASS] Addr: 0x61 | Expected: 0xcfaec8ea | Actual: 0xcfaec8ea
[SCOREBOARD PASS] Addr: 0x80 | Expected: 0x3e4af93f | Actual: 0x3e4af93f
[SCOREBOARD PASS] Addr: 0xd1 | Expected: 0xe120dcb7 | Actual: 0xe120dcb7
[SCOREBOARD WRITE] RefMem[0x7] <= 0xaf82afa5
[SCOREBOARD PASS] Addr: 0x7 | Expected: 0xaf82afa5 | Actual: 0xaf82afa5
[SCOREBOARD WRITE] RefMem[0x9a] <= 0x83b6051c
[SCOREBOARD PASS] Addr: 0x9a | Expected: 0x83b6051c | Actual: 0x83b6051c
[SCOREBOARD WRITE] RefMem[0xfa] <= 0xf516965a
[SCOREBOARD PASS] Addr: 0xfa | Expected: 0xf516965a | Actual: 0xf516965a
[SCOREBOARD WRITE] RefMem[0x3d] <= 0x210a65a4
[SCOREBOARD PASS] Addr: 0x3d | Expected: 0x210a65a4 | Actual: 0x210a65a4
[SCOREBOARD WRITE] RefMem[0xf8] <= 0xd18a0efd
[SCOREBOARD PASS] Addr: 0xf8 | Expected: 0xd18a0efd | Actual: 0xd18a0efd
[SCOREBOARD WRITE] RefMem[0xc9] <= 0xd8cce755
[SCOREBOARD PASS] Addr: 0xc9 | Expected: 0xd8cce755 | Actual: 0xd8cce755
[SCOREBOARD WRITE] RefMem[0x9f] <= 0xab39ec27
[SCOREBOARD PASS] Addr: 0x9f | Expected: 0xab39ec27 | Actual: 0xab39ec27
[SCOREBOARD WRITE] RefMem[0x30] <= 0xd37f495b
[SCOREBOARD PASS] Addr: 0x30 | Expected: 0xd37f495b | Actual: 0xd37f495b
[SCOREBOARD PASS] Addr: 0xab | Expected: 0xcc6165c5 | Actual: 0xcc6165c5
[SCOREBOARD PASS] Addr: 0x7b | Expected: 0x80520dd7 | Actual: 0x80520dd7
[SCOREBOARD WRITE] RefMem[0x7e] <= 0x2d9ded3f
[SCOREBOARD PASS] Addr: 0x7e | Expected: 0x2d9ded3f | Actual: 0x2d9ded3f
[SCOREBOARD PASS] Addr: 0x1b | Expected: 0xe1cf37e7 | Actual: 0xe1cf37e7
[SCOREBOARD WRITE] RefMem[0x77] <= 0xc159a7b6
[SCOREBOARD PASS] Addr: 0x77 | Expected: 0xc159a7b6 | Actual: 0xc159a7b6
[SCOREBOARD WRITE] RefMem[0x19] <= 0xec04476e
[SCOREBOARD PASS] Addr: 0x19 | Expected: 0xec04476e | Actual: 0xec04476e
[SCOREBOARD WRITE] RefMem[0x5d] <= 0x92b71712
[SCOREBOARD PASS] Addr: 0x5d | Expected: 0x92b71712 | Actual: 0x92b71712
[SCOREBOARD WRITE] RefMem[0xa6] <= 0xc1eddd61
[SCOREBOARD PASS] Addr: 0xa6 | Expected: 0xc1eddd61 | Actual: 0xc1eddd61
[SCOREBOARD WRITE] RefMem[0xcb] <= 0xac10248a
[SCOREBOARD PASS] Addr: 0xcb | Expected: 0xac10248a | Actual: 0xac10248a
[SCOREBOARD PASS] Addr: 0x4 | Expected: 0xca92b30a | Actual: 0xca92b30a
[SCOREBOARD WRITE] RefMem[0x53] <= 0xc7a212e0
[SCOREBOARD PASS] Addr: 0x53 | Expected: 0xc7a212e0 | Actual: 0xc7a212e0
[SCOREBOARD WRITE] RefMem[0xf5] <= 0xfe77d4ca
[SCOREBOARD PASS] Addr: 0xf5 | Expected: 0xfe77d4ca | Actual: 0xfe77d4ca
[SCOREBOARD WRITE] RefMem[0x1d] <= 0xd35896c3
[SCOREBOARD PASS] Addr: 0x1d | Expected: 0xd35896c3 | Actual: 0xd35896c3
[SCOREBOARD WRITE] RefMem[0xc1] <= 0xa1b03a89
[SCOREBOARD PASS] Addr: 0xc1 | Expected: 0xa1b03a89 | Actual: 0xa1b03a89
[SCOREBOARD WRITE] RefMem[0x5c] <= 0xdb8c3841
[SCOREBOARD PASS] Addr: 0x5c | Expected: 0xdb8c3841 | Actual: 0xdb8c3841
[SCOREBOARD WRITE] RefMem[0x1b] <= 0xf1348ebb
[SCOREBOARD PASS] Addr: 0x1b | Expected: 0xf1348ebb | Actual: 0xf1348ebb
[SCOREBOARD WRITE] RefMem[0x5d] <= 0xbeff53fb
[SCOREBOARD PASS] Addr: 0x5d | Expected: 0xbeff53fb | Actual: 0xbeff53fb
[SCOREBOARD WRITE] RefMem[0x5] <= 0xeeed317
[SCOREBOARD PASS] Addr: 0x5 | Expected: 0xeeed317 | Actual: 0xeeed317
[SCOREBOARD WRITE] RefMem[0xaa] <= 0xebf808f5
[SCOREBOARD PASS] Addr: 0xaa | Expected: 0xebf808f5 | Actual: 0xebf808f5
[SCOREBOARD WRITE] RefMem[0x4a] <= 0xb42ec100
[SCOREBOARD PASS] Addr: 0x4a | Expected: 0xb42ec100 | Actual: 0xb42ec100
[SCOREBOARD PASS] Addr: 0xf9 | Expected: 0x0 | Actual: 0x0
[SCOREBOARD WRITE] RefMem[0x69] <= 0xe9d6ed66
[SCOREBOARD PASS] Addr: 0x69 | Expected: 0xe9d6ed66 | Actual: 0xe9d6ed66
[SCOREBOARD WRITE] RefMem[0x2a] <= 0x85dd2ae3
[SCOREBOARD PASS] Addr: 0x2a | Expected: 0x85dd2ae3 | Actual: 0x85dd2ae3
[SCOREBOARD WRITE] RefMem[0xe4] <= 0x33bd2df
[SCOREBOARD PASS] Addr: 0xe4 | Expected: 0x33bd2df | Actual: 0x33bd2df
[SCOREBOARD WRITE] RefMem[0xf7] <= 0xb0417491
[SCOREBOARD PASS] Addr: 0xf7 | Expected: 0xb0417491 | Actual: 0xb0417491
[SCOREBOARD WRITE] RefMem[0xde] <= 0x1080a8b3
[SCOREBOARD PASS] Addr: 0xde | Expected: 0x1080a8b3 | Actual: 0x1080a8b3
[SCOREBOARD WRITE] RefMem[0xaf] <= 0xb95dc824
[SCOREBOARD PASS] Addr: 0xaf | Expected: 0xb95dc824 | Actual: 0xb95dc824
[SCOREBOARD WRITE] RefMem[0xce] <= 0xba3c07ee
[SCOREBOARD PASS] Addr: 0xce | Expected: 0xba3c07ee | Actual: 0xba3c07ee
[SCOREBOARD WRITE] RefMem[0x8f] <= 0xb43f65a0
[SCOREBOARD PASS] Addr: 0x8f | Expected: 0xb43f65a0 | Actual: 0xb43f65a0
[SCOREBOARD WRITE] RefMem[0x17] <= 0xbdf3b3ea
[SCOREBOARD PASS] Addr: 0x17 | Expected: 0xbdf3b3ea | Actual: 0xbdf3b3ea
[SCOREBOARD WRITE] RefMem[0x89] <= 0xcb7ecef2
[SCOREBOARD PASS] Addr: 0x89 | Expected: 0xcb7ecef2 | Actual: 0xcb7ecef2
[SCOREBOARD WRITE] RefMem[0x9f] <= 0x2ec6d91
[SCOREBOARD PASS] Addr: 0x9f | Expected: 0x2ec6d91 | Actual: 0x2ec6d91
[SCOREBOARD PASS] Addr: 0x85 | Expected: 0xc7747a44 | Actual: 0xc7747a44
[SCOREBOARD WRITE] RefMem[0x29] <= 0xe5bd2e4d
[SCOREBOARD PASS] Addr: 0x29 | Expected: 0xe5bd2e4d | Actual: 0xe5bd2e4d
[SCOREBOARD WRITE] RefMem[0xe] <= 0x35c07855
[SCOREBOARD PASS] Addr: 0xe | Expected: 0x35c07855 | Actual: 0x35c07855
[SCOREBOARD WRITE] RefMem[0x6f] <= 0xfc24333c
[SCOREBOARD PASS] Addr: 0x6f | Expected: 0xfc24333c | Actual: 0xfc24333c
[SCOREBOARD PASS] Addr: 0x62 | Expected: 0x0 | Actual: 0x0
[SCOREBOARD WRITE] RefMem[0xbe] <= 0xa8176b5a
[SCOREBOARD PASS] Addr: 0xbe | Expected: 0xa8176b5a | Actual: 0xa8176b5a
[SCOREBOARD WRITE] RefMem[0x4] <= 0xc1a6e840
[SCOREBOARD PASS] Addr: 0x4 | Expected: 0xc1a6e840 | Actual: 0xc1a6e840
[SCOREBOARD WRITE] RefMem[0x3f] <= 0x234e2098
[SCOREBOARD PASS] Addr: 0x3f | Expected: 0x234e2098 | Actual: 0x234e2098
[SCOREBOARD WRITE] RefMem[0x91] <= 0xdb2fa466
[SCOREBOARD PASS] Addr: 0x91 | Expected: 0xdb2fa466 | Actual: 0xdb2fa466
[SCOREBOARD WRITE] RefMem[0x72] <= 0xf9d59e79
[SCOREBOARD PASS] Addr: 0x72 | Expected: 0xf9d59e79 | Actual: 0xf9d59e79
[SCOREBOARD WRITE] RefMem[0x54] <= 0xf4b0851b
[SCOREBOARD PASS] Addr: 0x54 | Expected: 0xf4b0851b | Actual: 0xf4b0851b
[SCOREBOARD WRITE] RefMem[0x8f] <= 0xedbc80b3
[SCOREBOARD PASS] Addr: 0x8f | Expected: 0xedbc80b3 | Actual: 0xedbc80b3
[SCOREBOARD WRITE] RefMem[0xeb] <= 0xcf3e63da
[SCOREBOARD PASS] Addr: 0xeb | Expected: 0xcf3e63da | Actual: 0xcf3e63da
[SCOREBOARD WRITE] RefMem[0xfe] <= 0x3738ae89
[SCOREBOARD PASS] Addr: 0xfe | Expected: 0x3738ae89 | Actual: 0x3738ae89
[SCOREBOARD WRITE] RefMem[0x8f] <= 0xe99c5e36
[SCOREBOARD PASS] Addr: 0x8f | Expected: 0xe99c5e36 | Actual: 0xe99c5e36
[SCOREBOARD WRITE] RefMem[0x4d] <= 0x3c2eb705
[SCOREBOARD PASS] Addr: 0x4d | Expected: 0x3c2eb705 | Actual: 0x3c2eb705
[SCOREBOARD WRITE] RefMem[0x82] <= 0xc881516b
[SCOREBOARD PASS] Addr: 0x82 | Expected: 0xc881516b | Actual: 0xc881516b
[SCOREBOARD PASS] Addr: 0x49 | Expected: 0xff4cb9d8 | Actual: 0xff4cb9d8
[SCOREBOARD WRITE] RefMem[0x5f] <= 0xea8ea104
[SCOREBOARD PASS] Addr: 0x5f | Expected: 0xea8ea104 | Actual: 0xea8ea104
[SCOREBOARD WRITE] RefMem[0xc] <= 0xc1ec9a11
[SCOREBOARD PASS] Addr: 0xc | Expected: 0xc1ec9a11 | Actual: 0xc1ec9a11
[SCOREBOARD WRITE] RefMem[0x2e] <= 0xc849918f
[SCOREBOARD PASS] Addr: 0x2e | Expected: 0xc849918f | Actual: 0xc849918f
[SCOREBOARD WRITE] RefMem[0x17] <= 0x2100942d
[SCOREBOARD PASS] Addr: 0x17 | Expected: 0x2100942d | Actual: 0x2100942d
[SCOREBOARD WRITE] RefMem[0xdd] <= 0xaba9ad76
[SCOREBOARD PASS] Addr: 0xdd | Expected: 0xaba9ad76 | Actual: 0xaba9ad76
[SCOREBOARD WRITE] RefMem[0x48] <= 0xab013643
[SCOREBOARD PASS] Addr: 0x48 | Expected: 0xab013643 | Actual: 0xab013643
[SCOREBOARD PASS] Addr: 0xa3 | Expected: 0x2adff565 | Actual: 0x2adff565
[SCOREBOARD WRITE] RefMem[0xeb] <= 0x1d60ac86
[SCOREBOARD PASS] Addr: 0xeb | Expected: 0x1d60ac86 | Actual: 0x1d60ac86
[SCOREBOARD WRITE] RefMem[0x82] <= 0xfbe66e32
[SCOREBOARD PASS] Addr: 0x82 | Expected: 0xfbe66e32 | Actual: 0xfbe66e32
[SCOREBOARD WRITE] RefMem[0x72] <= 0xfbfab46a
[SCOREBOARD PASS] Addr: 0x72 | Expected: 0xfbfab46a | Actual: 0xfbfab46a
[SCOREBOARD WRITE] RefMem[0x3] <= 0x8430ab08
[SCOREBOARD PASS] Addr: 0x3 | Expected: 0x8430ab08 | Actual: 0x8430ab08
[SCOREBOARD WRITE] RefMem[0x8f] <= 0xc91d99c9
[SCOREBOARD PASS] Addr: 0x8f | Expected: 0xc91d99c9 | Actual: 0xc91d99c9
[SCOREBOARD WRITE] RefMem[0x4d] <= 0xcf4f3e8e
[SCOREBOARD PASS] Addr: 0x4d | Expected: 0xcf4f3e8e | Actual: 0xcf4f3e8e
[SCOREBOARD WRITE] RefMem[0x48] <= 0xf492c70a
[SCOREBOARD PASS] Addr: 0x48 | Expected: 0xf492c70a | Actual: 0xf492c70a
[SCOREBOARD WRITE] RefMem[0x85] <= 0x16bfc5b8
[SCOREBOARD PASS] Addr: 0x85 | Expected: 0x16bfc5b8 | Actual: 0x16bfc5b8
[SCOREBOARD WRITE] RefMem[0xca] <= 0xd3ab4a36
[SCOREBOARD PASS] Addr: 0xca | Expected: 0xd3ab4a36 | Actual: 0xd3ab4a36
[SCOREBOARD WRITE] RefMem[0xe6] <= 0xc0efb057
[SCOREBOARD PASS] Addr: 0xe6 | Expected: 0xc0efb057 | Actual: 0xc0efb057
[SCOREBOARD WRITE] RefMem[0xd4] <= 0xe0462841
[SCOREBOARD PASS] Addr: 0xd4 | Expected: 0xe0462841 | Actual: 0xe0462841
[SCOREBOARD WRITE] RefMem[0x8a] <= 0xf7fff849
[SCOREBOARD PASS] Addr: 0x8a | Expected: 0xf7fff849 | Actual: 0xf7fff849
[SCOREBOARD PASS] Addr: 0x54 | Expected: 0xf4b0851b | Actual: 0xf4b0851b
[SCOREBOARD PASS] Addr: 0xef | Expected: 0xb03ed025 | Actual: 0xb03ed025
[SCOREBOARD WRITE] RefMem[0x7e] <= 0xc03fe120
[SCOREBOARD PASS] Addr: 0x7e | Expected: 0xc03fe120 | Actual: 0xc03fe120
[SCOREBOARD WRITE] RefMem[0xbf] <= 0xc494bc98
[SCOREBOARD PASS] Addr: 0xbf | Expected: 0xc494bc98 | Actual: 0xc494bc98
[SCOREBOARD WRITE] RefMem[0xd7] <= 0x13e3a704
[SCOREBOARD PASS] Addr: 0xd7 | Expected: 0x13e3a704 | Actual: 0x13e3a704
[SCOREBOARD PASS] Addr: 0x31 | Expected: 0x0 | Actual: 0x0
[SCOREBOARD WRITE] RefMem[0x52] <= 0x29000d50
[SCOREBOARD PASS] Addr: 0x52 | Expected: 0x29000d50 | Actual: 0x29000d50
[SCOREBOARD WRITE] RefMem[0x56] <= 0xe101da1b
[SCOREBOARD PASS] Addr: 0x56 | Expected: 0xe101da1b | Actual: 0xe101da1b
[SCOREBOARD WRITE] RefMem[0xe3] <= 0xb957f625
[SCOREBOARD PASS] Addr: 0xe3 | Expected: 0xb957f625 | Actual: 0xb957f625
[SCOREBOARD WRITE] RefMem[0x77] <= 0xf5720f9f
[SCOREBOARD PASS] Addr: 0x77 | Expected: 0xf5720f9f | Actual: 0xf5720f9f
[SCOREBOARD WRITE] RefMem[0xb3] <= 0xa8ffdfc9
[SCOREBOARD PASS] Addr: 0xb3 | Expected: 0xa8ffdfc9 | Actual: 0xa8ffdfc9
[SCOREBOARD WRITE] RefMem[0xa8] <= 0x86cacd65
[SCOREBOARD PASS] Addr: 0xa8 | Expected: 0x86cacd65 | Actual: 0x86cacd65
[SCOREBOARD WRITE] RefMem[0xc5] <= 0xdaf858c5
[SCOREBOARD PASS] Addr: 0xc5 | Expected: 0xdaf858c5 | Actual: 0xdaf858c5
[SCOREBOARD WRITE] RefMem[0xda] <= 0x22282d7f
[SCOREBOARD PASS] Addr: 0xda | Expected: 0x22282d7f | Actual: 0x22282d7f
[SCOREBOARD WRITE] RefMem[0x73] <= 0x83c862d3
[SCOREBOARD PASS] Addr: 0x73 | Expected: 0x83c862d3 | Actual: 0x83c862d3
[SCOREBOARD WRITE] RefMem[0xab] <= 0x8f19adc0
[SCOREBOARD PASS] Addr: 0xab | Expected: 0x8f19adc0 | Actual: 0x8f19adc0
[SCOREBOARD WRITE] RefMem[0xb9] <= 0xd3f2e567
[SCOREBOARD PASS] Addr: 0xb9 | Expected: 0xd3f2e567 | Actual: 0xd3f2e567
[SCOREBOARD WRITE] RefMem[0x4a] <= 0xc30216ba
[SCOREBOARD PASS] Addr: 0x4a | Expected: 0xc30216ba | Actual: 0xc30216ba
[SCOREBOARD WRITE] RefMem[0x50] <= 0xf612ba0f
[SCOREBOARD PASS] Addr: 0x50 | Expected: 0xf612ba0f | Actual: 0xf612ba0f
[SCOREBOARD WRITE] RefMem[0x72] <= 0xc78582bf
[SCOREBOARD PASS] Addr: 0x72 | Expected: 0xc78582bf | Actual: 0xc78582bf
[SCOREBOARD WRITE] RefMem[0x2e] <= 0xb28ea631
[SCOREBOARD PASS] Addr: 0x2e | Expected: 0xb28ea631 | Actual: 0xb28ea631
[SCOREBOARD WRITE] RefMem[0xb5] <= 0x1c4bb8af
[SCOREBOARD PASS] Addr: 0xb5 | Expected: 0x1c4bb8af | Actual: 0x1c4bb8af
[SCOREBOARD PASS] Addr: 0x24 | Expected: 0xb8101e74 | Actual: 0xb8101e74
[SCOREBOARD WRITE] RefMem[0x6b] <= 0x377bc04b
[SCOREBOARD PASS] Addr: 0x6b | Expected: 0x377bc04b | Actual: 0x377bc04b
[SCOREBOARD WRITE] RefMem[0x24] <= 0x8b2815a6
[SCOREBOARD PASS] Addr: 0x24 | Expected: 0x8b2815a6 | Actual: 0x8b2815a6
[SCOREBOARD WRITE] RefMem[0xaa] <= 0x2a7fe438
[SCOREBOARD PASS] Addr: 0xaa | Expected: 0x2a7fe438 | Actual: 0x2a7fe438
[SCOREBOARD WRITE] RefMem[0xd0] <= 0xbcc06c2d
[SCOREBOARD PASS] Addr: 0xd0 | Expected: 0xbcc06c2d | Actual: 0xbcc06c2d
[SCOREBOARD WRITE] RefMem[0x72] <= 0x5c565ce
[SCOREBOARD PASS] Addr: 0x72 | Expected: 0x5c565ce | Actual: 0x5c565ce
[SCOREBOARD WRITE] RefMem[0xd9] <= 0xf980e386
[SCOREBOARD PASS] Addr: 0xd9 | Expected: 0xf980e386 | Actual: 0xf980e386
[SCOREBOARD PASS] Addr: 0xcd | Expected: 0x0 | Actual: 0x0
[SCOREBOARD WRITE] RefMem[0x45] <= 0xbcf05de6
[SCOREBOARD PASS] Addr: 0x45 | Expected: 0xbcf05de6 | Actual: 0xbcf05de6
[SCOREBOARD PASS] Addr: 0xe8 | Expected: 0x918fe2b7 | Actual: 0x918fe2b7
[SCOREBOARD WRITE] RefMem[0x78] <= 0xf5b78bf0
[SCOREBOARD PASS] Addr: 0x78 | Expected: 0xf5b78bf0 | Actual: 0xf5b78bf0
[SCOREBOARD WRITE] RefMem[0x9e] <= 0xb5414e89
[SCOREBOARD PASS] Addr: 0x9e | Expected: 0xb5414e89 | Actual: 0xb5414e89
[SCOREBOARD WRITE] RefMem[0x5] <= 0xbe3d241e
[SCOREBOARD PASS] Addr: 0x5 | Expected: 0xbe3d241e | Actual: 0xbe3d241e
[SCOREBOARD WRITE] RefMem[0xf6] <= 0x5043102
[SCOREBOARD PASS] Addr: 0xf6 | Expected: 0x5043102 | Actual: 0x5043102
[SCOREBOARD WRITE] RefMem[0xf] <= 0x820395ff
[SCOREBOARD PASS] Addr: 0xf | Expected: 0x820395ff | Actual: 0x820395ff
[SCOREBOARD PASS] Addr: 0x65 | Expected: 0xe3acacf1 | Actual: 0xe3acacf1
[SCOREBOARD WRITE] RefMem[0xae] <= 0xdb66a451
[SCOREBOARD PASS] Addr: 0xae | Expected: 0xdb66a451 | Actual: 0xdb66a451
[SCOREBOARD PASS] Addr: 0x9e | Expected: 0xb5414e89 | Actual: 0xb5414e89
[SCOREBOARD WRITE] RefMem[0x86] <= 0xe75d4be2
[SCOREBOARD PASS] Addr: 0x86 | Expected: 0xe75d4be2 | Actual: 0xe75d4be2
[SCOREBOARD PASS] Addr: 0x63 | Expected: 0xd91f7be7 | Actual: 0xd91f7be7
[SCOREBOARD PASS] Addr: 0x3a | Expected: 0xc3a22331 | Actual: 0xc3a22331
[SCOREBOARD WRITE] RefMem[0xc] <= 0x19b7bc1e
[SCOREBOARD PASS] Addr: 0xc | Expected: 0x19b7bc1e | Actual: 0x19b7bc1e
[SCOREBOARD PASS] Addr: 0xd9 | Expected: 0xf980e386 | Actual: 0xf980e386
[SCOREBOARD WRITE] RefMem[0x11] <= 0xae7a9048
[SCOREBOARD PASS] Addr: 0x11 | Expected: 0xae7a9048 | Actual: 0xae7a9048
[SCOREBOARD WRITE] RefMem[0xa] <= 0xc89e82d9
[SCOREBOARD PASS] Addr: 0xa | Expected: 0xc89e82d9 | Actual: 0xc89e82d9
[SCOREBOARD WRITE] RefMem[0x60] <= 0xa7966fc1
[SCOREBOARD PASS] Addr: 0x60 | Expected: 0xa7966fc1 | Actual: 0xa7966fc1
[SCOREBOARD WRITE] RefMem[0x21] <= 0xd3347675
[SCOREBOARD PASS] Addr: 0x21 | Expected: 0xd3347675 | Actual: 0xd3347675
[SCOREBOARD WRITE] RefMem[0xc5] <= 0xf0128fef
[SCOREBOARD PASS] Addr: 0xc5 | Expected: 0xf0128fef | Actual: 0xf0128fef
[SCOREBOARD WRITE] RefMem[0xce] <= 0xf503d929
[SCOREBOARD PASS] Addr: 0xce | Expected: 0xf503d929 | Actual: 0xf503d929
[SCOREBOARD WRITE] RefMem[0xc7] <= 0xb6654148
[SCOREBOARD PASS] Addr: 0xc7 | Expected: 0xb6654148 | Actual: 0xb6654148
[SCOREBOARD PASS] Addr: 0x5a | Expected: 0xd0cb8219 | Actual: 0xd0cb8219
[SCOREBOARD PASS] Addr: 0xcb | Expected: 0xac10248a | Actual: 0xac10248a
[SCOREBOARD PASS] Addr: 0x3b | Expected: 0x0 | Actual: 0x0
[SCOREBOARD PASS] Addr: 0x5 | Expected: 0xbe3d241e | Actual: 0xbe3d241e
[SCOREBOARD WRITE] RefMem[0x7] <= 0xc1ed9752
[SCOREBOARD PASS] Addr: 0x7 | Expected: 0xc1ed9752 | Actual: 0xc1ed9752
[SCOREBOARD WRITE] RefMem[0x13] <= 0x91dc4cc6
[SCOREBOARD PASS] Addr: 0x13 | Expected: 0x91dc4cc6 | Actual: 0x91dc4cc6
[SCOREBOARD WRITE] RefMem[0x42] <= 0x2d3c767a
[SCOREBOARD PASS] Addr: 0x42 | Expected: 0x2d3c767a | Actual: 0x2d3c767a
[SCOREBOARD PASS] Addr: 0xe7 | Expected: 0xd5f6fb6c | Actual: 0xd5f6fb6c
[SCOREBOARD WRITE] RefMem[0x8a] <= 0x379600d5
[SCOREBOARD PASS] Addr: 0x8a | Expected: 0x379600d5 | Actual: 0x379600d5
[SCOREBOARD WRITE] RefMem[0x81] <= 0x34ee0c6a
[SCOREBOARD PASS] Addr: 0x81 | Expected: 0x34ee0c6a | Actual: 0x34ee0c6a
[SCOREBOARD WRITE] RefMem[0x8f] <= 0xf5533d0e
[SCOREBOARD PASS] Addr: 0x8f | Expected: 0xf5533d0e | Actual: 0xf5533d0e
[SCOREBOARD WRITE] RefMem[0xcc] <= 0x1665dee1
[SCOREBOARD PASS] Addr: 0xcc | Expected: 0x1665dee1 | Actual: 0x1665dee1
[SCOREBOARD PASS] Addr: 0xd4 | Expected: 0xe0462841 | Actual: 0xe0462841
[SCOREBOARD WRITE] RefMem[0x1e] <= 0x16c557f2
[SCOREBOARD PASS] Addr: 0x1e | Expected: 0x16c557f2 | Actual: 0x16c557f2
[SCOREBOARD WRITE] RefMem[0x94] <= 0xcf242326
[SCOREBOARD PASS] Addr: 0x94 | Expected: 0xcf242326 | Actual: 0xcf242326
[SCOREBOARD WRITE] RefMem[0xb5] <= 0x311cfef
[SCOREBOARD PASS] Addr: 0xb5 | Expected: 0x311cfef | Actual: 0x311cfef
[SCOREBOARD WRITE] RefMem[0x4d] <= 0xfa1549aa
[SCOREBOARD PASS] Addr: 0x4d | Expected: 0xfa1549aa | Actual: 0xfa1549aa
[SCOREBOARD WRITE] RefMem[0x15] <= 0xcb71f18a
[SCOREBOARD PASS] Addr: 0x15 | Expected: 0xcb71f18a | Actual: 0xcb71f18a
[SCOREBOARD WRITE] RefMem[0xd8] <= 0xc7025fe1
[SCOREBOARD PASS] Addr: 0xd8 | Expected: 0xc7025fe1 | Actual: 0xc7025fe1
[SCOREBOARD WRITE] RefMem[0xa8] <= 0xfbdad971
[SCOREBOARD PASS] Addr: 0xa8 | Expected: 0xfbdad971 | Actual: 0xfbdad971
[SCOREBOARD PASS] Addr: 0xc0 | Expected: 0xc939287a | Actual: 0xc939287a
[SCOREBOARD PASS] Addr: 0x8e | Expected: 0x0 | Actual: 0x0
[SCOREBOARD WRITE] RefMem[0x27] <= 0x12fca1c9
[SCOREBOARD PASS] Addr: 0x27 | Expected: 0x12fca1c9 | Actual: 0x12fca1c9
[SCOREBOARD WRITE] RefMem[0x6] <= 0x350fc2f7
[SCOREBOARD PASS] Addr: 0x6 | Expected: 0x350fc2f7 | Actual: 0x350fc2f7
[SCOREBOARD WRITE] RefMem[0x38] <= 0x151fc97c
[SCOREBOARD PASS] Addr: 0x38 | Expected: 0x151fc97c | Actual: 0x151fc97c
[SCOREBOARD WRITE] RefMem[0xf4] <= 0xd0200af8
[SCOREBOARD PASS] Addr: 0xf4 | Expected: 0xd0200af8 | Actual: 0xd0200af8
[SCOREBOARD WRITE] RefMem[0xc0] <= 0x8a797f23
[SCOREBOARD PASS] Addr: 0xc0 | Expected: 0x8a797f23 | Actual: 0x8a797f23
[SCOREBOARD WRITE] RefMem[0x38] <= 0x37a725b2
[SCOREBOARD PASS] Addr: 0x38 | Expected: 0x37a725b2 | Actual: 0x37a725b2
[SCOREBOARD PASS] Addr: 0xcc | Expected: 0x1665dee1 | Actual: 0x1665dee1
[SCOREBOARD PASS] Addr: 0x3f | Expected: 0x234e2098 | Actual: 0x234e2098
[SCOREBOARD WRITE] RefMem[0x15] <= 0x382b422f
[SCOREBOARD PASS] Addr: 0x15 | Expected: 0x382b422f | Actual: 0x382b422f
[SCOREBOARD WRITE] RefMem[0xfe] <= 0xfa891619
[SCOREBOARD PASS] Addr: 0xfe | Expected: 0xfa891619 | Actual: 0xfa891619
[SCOREBOARD WRITE] RefMem[0xd9] <= 0xe7517b3b
[SCOREBOARD PASS] Addr: 0xd9 | Expected: 0xe7517b3b | Actual: 0xe7517b3b
[SCOREBOARD WRITE] RefMem[0xa3] <= 0xca965f37
[SCOREBOARD PASS] Addr: 0xa3 | Expected: 0xca965f37 | Actual: 0xca965f37
[SCOREBOARD PASS] Addr: 0x75 | Expected: 0xbfa8b4bf | Actual: 0xbfa8b4bf
[SCOREBOARD WRITE] RefMem[0x1e] <= 0xf891290b
[SCOREBOARD PASS] Addr: 0x1e | Expected: 0xf891290b | Actual: 0xf891290b
[SCOREBOARD PASS] Addr: 0x37 | Expected: 0x3a05eeb0 | Actual: 0x3a05eeb0
[SCOREBOARD WRITE] RefMem[0x5e] <= 0xd25314c1
[SCOREBOARD PASS] Addr: 0x5e | Expected: 0xd25314c1 | Actual: 0xd25314c1
[SCOREBOARD WRITE] RefMem[0xab] <= 0x39648687
[SCOREBOARD PASS] Addr: 0xab | Expected: 0x39648687 | Actual: 0x39648687
[SCOREBOARD WRITE] RefMem[0xe1] <= 0xb09373e7
[SCOREBOARD PASS] Addr: 0xe1 | Expected: 0xb09373e7 | Actual: 0xb09373e7
[SCOREBOARD WRITE] RefMem[0x8a] <= 0x392e1ca8
[SCOREBOARD PASS] Addr: 0x8a | Expected: 0x392e1ca8 | Actual: 0x392e1ca8
[SCOREBOARD PASS] Addr: 0x56 | Expected: 0xe101da1b | Actual: 0xe101da1b
[SCOREBOARD WRITE] RefMem[0x4c] <= 0xc77222a3
[SCOREBOARD PASS] Addr: 0x4c | Expected: 0xc77222a3 | Actual: 0xc77222a3
[SCOREBOARD WRITE] RefMem[0x36] <= 0xfe4a3fa6
[SCOREBOARD PASS] Addr: 0x36 | Expected: 0xfe4a3fa6 | Actual: 0xfe4a3fa6
INFO: [Common 17-41] Interrupt caught. Command should exit soon.
run: Time (s): cpu = 00:00:00.14 ; elapsed = 00:00:12 . Memory (MB): peak = 1464.336 ; gain = 136.004 ; free physical = 4747 ; free virtual = 8176
INFO: [Common 17-344] 'run' was cancelled
exit
INFO: xsimkernel Simulation Memory Usage: 266824 KB (Peak: 315384 KB), Simulation CPU Usage: 14610 ms
INFO: [Common 17-206] Exiting xsim at Tue Jul 28 00:12:35 2026...
